Component: ARM Compiler 5.06 update 7 (build 960) Tool: armlink [4d3601]

==============================================================================

Section Cross References

    main.o(.text) refers to _printf_percent.o(.ARM.Collect$$_printf_percent$$00000000) for _printf_percent
    main.o(.text) refers to _printf_d.o(.ARM.Collect$$_printf_percent$$00000009) for _printf_d
    main.o(.text) refers to _printf_f.o(.ARM.Collect$$_printf_percent$$00000003) for _printf_f
    main.o(.text) refers to _printf_dec.o(.text) for _printf_int_dec
    main.o(.text) refers to printf1.o(x$fpl$printf1) for _printf_fp_dec
    main.o(.text) refers to _printf_c.o(.ARM.Collect$$_printf_percent$$00000013) for _printf_c
    main.o(.text) refers to _printf_str.o(.text) for _printf_str
    main.o(.text) refers to fflt_clz.o(x$fpl$ffltu) for __aeabi_ui2f
    main.o(.text) refers to fmul.o(x$fpl$fmul) for __aeabi_fmul
    main.o(.text) refers to faddsub_clz.o(x$fpl$fadd) for __aeabi_fadd
    main.o(.text) refers to emm_v5.o(.text) for Emm_V5_Pos_Control
    main.o(.text) refers to servo_control.o(.text) for constrain_uint16_t
    main.o(.text) refers to main.o(.data) for bt_speed_level
    main.o(.text) refers to motor_control.o(.bss) for my_car
    main.o(.text) refers to servo_control.o(.data) for Servo_turntable_duty
    main.o(.text) refers to system_stm32f10x.o(.text) for SystemInit
    main.o(.text) refers to delay.o(.text) for delay_init
    main.o(.text) refers to led.o(.text) for LED_Init
    main.o(.text) refers to encoder.o(.text) for Encoder_Init
    main.o(.text) refers to usart.o(.text) for uart2_init
    main.o(.text) refers to motor_control.o(.text) for Motor_Init
    main.o(.text) refers to lcd.o(.text) for LCD_Init
    main.o(.text) refers to button.o(.text) for Button_Control_init
    main.o(.text) refers to timer.o(.text) for Timer6_Init
    main.o(.text) refers to f2d.o(x$fpl$f2d) for __aeabi_f2d
    main.o(.text) refers to noretval__2sprintf.o(.text) for __2sprintf
    main.o(.text) refers to gui.o(.text) for Show_Str
    main.o(.text) refers to usart.o(.data) for uart2_str_T_count
    main.o(.text) refers to motor_control.o(.data) for Encoder_FL
    main.o(.text) refers to button.o(.data) for key1_flag
    main.o(.text) refers to stm32f10x_tim.o(.text) for TIM_GetITStatus
    main.o(.text) refers to stm32f10x_usart.o(.text) for USART_SendData
    main.o(.text) refers to d2f.o(x$fpl$d2f) for __aeabi_d2f
    main.o(.text) refers to feqf.o(x$fpl$feqf) for __aeabi_cfcmpeq
    main.o(.text) refers to fflt_clz.o(x$fpl$fflt) for __aeabi_i2f
    main.o(.text) refers to timer.o(.data) for Timer7_count
    main.o(.text) refers to pid.o(.text) for constrain_float
    main.o(.text) refers to ffix.o(x$fpl$ffix) for __aeabi_f2iz
    main.o(.text) refers to fdiv.o(x$fpl$fdiv) for __aeabi_fdiv
    main.o(.text) refers to usart.o(.bss) for uart2_str
    main.o(.text) refers to main.o(.bss) for HWT_ResBuffer
    main.o(.text) refers to atoi.o(.text) for atoi
    main.o(.text) refers to aeabi_memset.o(.text) for __aeabi_memset
    system_stm32f10x.o(.text) refers to system_stm32f10x.o(.data) for SystemCoreClock
    encoder.o(.text) refers to stm32f10x_rcc.o(.text) for RCC_APB1PeriphClockCmd
    encoder.o(.text) refers to stm32f10x_gpio.o(.text) for GPIO_PinRemapConfig
    encoder.o(.text) refers to stm32f10x_tim.o(.text) for TIM_TimeBaseStructInit
    gui.o(.text) refers to lcd.o(.text) for LCD_SetCursor
    gui.o(.text) refers to lcd.o(.bss) for lcddev
    gui.o(.text) refers to lcd.o(.data) for POINT_COLOR
    gui.o(.text) refers to gui.o(.constdata) for asc2_1206
    gui.o(.text) refers to strlen.o(.text) for strlen
    lcd.o(.text) refers to spi.o(.text) for SPI_WriteByte
    lcd.o(.text) refers to stm32f10x_rcc.o(.text) for RCC_APB2PeriphClockCmd
    lcd.o(.text) refers to stm32f10x_gpio.o(.text) for GPIO_Init
    lcd.o(.text) refers to delay.o(.text) for delay_ms
    lcd.o(.text) refers to lcd.o(.bss) for lcddev
    lcd.o(.text) refers to lcd.o(.data) for POINT_COLOR
    motor_control.o(.text) refers to stm32f10x_rcc.o(.text) for RCC_APB2PeriphClockCmd
    motor_control.o(.text) refers to stm32f10x_gpio.o(.text) for GPIO_Init
    motor_control.o(.text) refers to stm32f10x_tim.o(.text) for TIM_InternalClockConfig
    motor_control.o(.text) refers to motor_control.o(.bss) for my_car
    motor_control.o(.text) refers to usart.o(.text) for uart_write_buffer
    motor_control.o(.text) refers to delay.o(.text) for delay_ms
    motor_control.o(.text) refers to frleqf.o(x$fpl$frleqf) for __aeabi_cfrcmple
    motor_control.o(.text) refers to faddsub_clz.o(x$fpl$fsub) for __aeabi_fsub
    motor_control.o(.text) refers to fmul.o(x$fpl$fmul) for __aeabi_fmul
    motor_control.o(.text) refers to faddsub_clz.o(x$fpl$fadd) for __aeabi_fadd
    motor_control.o(.text) refers to f2d.o(x$fpl$f2d) for __aeabi_f2d
    motor_control.o(.text) refers to drleqf.o(x$fpl$drleqf) for __aeabi_cdrcmple
[...]
    __rt_lib_init_preinit_1                  0x080001bd   Thumb Code     0  libinit2.o(.ARM.Collect$$libinit$$00000004)
    __rt_lib_init_rand_1                     0x080001bd   Thumb Code     0  libinit2.o(.ARM.Collect$$libinit$$0000000E)
    __rt_lib_init_user_alloc_1               0x080001bd   Thumb Code     0  libinit2.o(.ARM.Collect$$libinit$$0000000C)
    __rt_lib_init_lc_collate_1               0x080001c3   Thumb Code     0  libinit2.o(.ARM.Collect$$libinit$$00000011)
    __rt_lib_init_lc_ctype_2                 0x080001c3   Thumb Code     0  libinit2.o(.ARM.Collect$$libinit$$00000012)
    __rt_lib_init_lc_ctype_1                 0x080001cf   Thumb Code     0  libinit2.o(.ARM.Collect$$libinit$$00000013)
    __rt_lib_init_lc_monetary_1              0x080001cf   Thumb Code     0  libinit2.o(.ARM.Collect$$libinit$$00000015)
    __rt_lib_init_lc_numeric_2               0x080001cf   Thumb Code     0  libinit2.o(.ARM.Collect$$libinit$$00000016)
    __rt_lib_init_alloca_1                   0x080001d9   Thumb Code     0  libinit2.o(.ARM.Collect$$libinit$$0000002E)
    __rt_lib_init_argv_1                     0x080001d9   Thumb Code     0  libinit2.o(.ARM.Collect$$libinit$$0000002C)
    __rt_lib_init_atexit_1                   0x080001d9   Thumb Code     0  libinit2.o(.ARM.Collect$$libinit$$0000001B)
    __rt_lib_init_clock_1                    0x080001d9   Thumb Code     0  libinit2.o(.ARM.Collect$$libinit$$00000021)
    __rt_lib_init_cpp_1                      0x080001d9   Thumb Code     0  libinit2.o(.ARM.Collect$$libinit$$00000032)
    __rt_lib_init_exceptions_1               0x080001d9   Thumb Code     0  libinit2.o(.ARM.Collect$$libinit$$00000030)
    __rt_lib_init_fp_trap_1                  0x080001d9   Thumb Code     0  libinit2.o(.ARM.Collect$$libinit$$0000001F)
    __rt_lib_init_getenv_1                   0x080001d9   Thumb Code     0  libinit2.o(.ARM.Collect$$libinit$$00000023)
    __rt_lib_init_lc_numeric_1               0x080001d9   Thumb Code     0  libinit2.o(.ARM.Collect$$libinit$$00000017)
    __rt_lib_init_lc_time_1                  0x080001d9   Thumb Code     0  libinit2.o(.ARM.Collect$$libinit$$00000019)
    __rt_lib_init_return                     0x080001d9   Thumb Code     0  libinit2.o(.ARM.Collect$$libinit$$00000033)
    __rt_lib_init_signal_1                   0x080001d9   Thumb Code     0  libinit2.o(.ARM.Collect$$libinit$$0000001D)
    __rt_lib_init_stdio_1                    0x080001d9   Thumb Code     0  libinit2.o(.ARM.Collect$$libinit$$00000025)
    __rt_lib_shutdown                        0x080001db   Thumb Code     0  libshutdown.o(.ARM.Collect$$libshutdown$$00000000)
    __rt_lib_shutdown_cpp_1                  0x080001dd   Thumb Code     0  libshutdown2.o(.ARM.Collect$$libshutdown$$00000004)
    __rt_lib_shutdown_fini_1                 0x080001dd   Thumb Code     0  libshutdown2.o(.ARM.Collect$$libshutdown$$00000002)
    __rt_lib_shutdown_fp_trap_1              0x080001dd   Thumb Code     0  libshutdown2.o(.ARM.Collect$$libshutdown$$00000009)
    __rt_lib_shutdown_heap_1                 0x080001dd   Thumb Code     0  libshutdown2.o(.ARM.Collect$$libshutdown$$00000011)
    __rt_lib_shutdown_return                 0x080001dd   Thumb Code     0  libshutdown2.o(.ARM.Collect$$libshutdown$$00000012)
    __rt_lib_shutdown_signal_1               0x080001dd   Thumb Code     0  libshutdown2.o(.ARM.Collect$$libshutdown$$0000000C)
    __rt_lib_shutdown_stdio_1                0x080001dd   Thumb Code     0  libshutdown2.o(.ARM.Collect$$libshutdown$$00000006)
    __rt_lib_shutdown_user_alloc_1           0x080001dd   Thumb Code     0  libshutdown2.o(.ARM.Collect$$libshutdown$$0000000E)
    __rt_entry                               0x080001df   Thumb Code     0  __rtentry.o(.ARM.Collect$$rtentry$$00000000)
    __rt_entry_presh_1                       0x080001df   Thumb Code     0  __rtentry2.o(.ARM.Collect$$rtentry$$00000002)
    __rt_entry_sh                            0x080001df   Thumb Code     0  __rtentry4.o(.ARM.Collect$$rtentry$$00000004)
    __rt_entry_li                            0x080001e5   Thumb Code     0  __rtentry2.o(.ARM.Collect$$rtentry$$0000000A)
    __rt_entry_postsh_1                      0x080001e5   Thumb Code     0  __rtentry2.o(.ARM.Collect$$rtentry$$00000009)
    __rt_entry_main                          0x080001e9   Thumb Code     0  __rtentry2.o(.ARM.Collect$$rtentry$$0000000D)
    __rt_entry_postli_1                      0x080001e9   Thumb Code     0  __rtentry2.o(.ARM.Collect$$rtentry$$0000000C)
    __rt_exit                                0x080001f1   Thumb Code     0  rtexit.o(.ARM.Collect$$rtexit$$00000000)
    __rt_exit_ls                             0x080001f3   Thumb Code     0  rtexit2.o(.ARM.Collect$$rtexit$$00000003)
    __rt_exit_prels_1                        0x080001f3   Thumb Code     0  rtexit2.o(.ARM.Collect$$rtexit$$00000002)
    __rt_exit_exit                           0x080001f7   Thumb Code     0  rtexit2.o(.ARM.Collect$$rtexit$$00000004)
    main                                     0x0800065f   Thumb Code  2580  main.o(.text)
    TIM7_IRQHandler                          0x08001073   Thumb Code   350  main.o(.text)
    TIM6_IRQHandler                          0x080011d1   Thumb Code  1306  main.o(.text)
    USART1_IRQHandler                        0x080016eb   Thumb Code    36  main.o(.text)
    USART2_IRQHandler                        0x0800170f   Thumb Code    82  main.o(.text)
    USART3_IRQHandler                        0x08001761   Thumb Code   246  main.o(.text)
    UART4_IRQHandler                         0x08001857   Thumb Code   656  main.o(.text)
    UART5_IRQHandler                         0x08001ae7   Thumb Code    78  main.o(.text)
    NMI_Handler                              0x08001b6d   Thumb Code     2  stm32f10x_it.o(.text)
    HardFault_Handler                        0x08001b6f   Thumb Code     4  stm32f10x_it.o(.text)
    MemManage_Handler                        0x08001b73   Thumb Code     4  stm32f10x_it.o(.text)
    BusFault_Handler                         0x08001b77   Thumb Code     4  stm32f10x_it.o(.text)
    UsageFault_Handler                       0x08001b7b   Thumb Code     4  stm32f10x_it.o(.text)
    SVC_Handler                              0x08001b7f   Thumb Code     2  stm32f10x_it.o(.text)
    DebugMon_Handler                         0x08001b81   Thumb Code     2  stm32f10x_it.o(.text)
    PendSV_Handler                           0x08001b83   Thumb Code     2  stm32f10x_it.o(.text)
    SysTick_Handler                          0x08001b85   Thumb Code     2  stm32f10x_it.o(.text)
    SystemInit                               0x08001c67   Thumb Code    78  system_stm32f10x.o(.text)
    SystemCoreClockUpdate                    0x08001cb5   Thumb Code   142  system_stm32f10x.o(.text)
    Encoder_Init                             0x08001d69   Thumb Code   522  encoder.o(.text)
    Encoder_TIM2_Init                        0x08001f73   Thumb Code   172  encoder.o(.text)
    GUI_DrawPoint                            0x0800203d   Thumb Code    24  gui.o(.text)
    LCD_Fill                                 0x08002055   Thumb Code   110  gui.o(.text)
    LCD_DrawLine                             0x080020c3   Thumb Code   176  gui.o(.text)
    LCD_DrawRectangle                        0x08002173   Thumb Code    64  gui.o(.text)
    LCD_DrawFillRectangle                    0x080021b3   Thumb Code    30  gui.o(.text)
    _draw_circle_8                           0x080021d1   Thumb Code   132  gui.o(.text)
    gui_circle                               0x08002255   Thumb Code   154  gui.o(.text)
    Draw_Triangel                            0x080022ef   Thumb Code    56  gui.o(.text)
    Fill_Triangel                            0x08002331   Thumb Code   532  gui.o(.text)
    LCD_ShowChar                             0x08002545   Thumb Code   276  gui.o(.text)
    LCD_ShowString                           0x08002659   Thumb Code    94  gui.o(.text)
    mypow                                    0x080026b7   Thumb Code    22  gui.o(.text)
    LCD_ShowNum                              0x080026cd   Thumb Code   168  gui.o(.text)
    GUI_DrawFont16                           0x08002775   Thumb Code   252  gui.o(.text)
    GUI_DrawFont24                           0x08002871   Thumb Code   298  gui.o(.text)
    GUI_DrawFont32                           0x0800299b   Thumb Code   252  gui.o(.text)
    GUI_DrawFont64                           0x08002a97   Thumb Code   254  gui.o(.text)
    Show_Str                                 0x08002b95   Thumb Code   284  gui.o(.text)
    Gui_StrCenter                            0x08002cb1   Thumb Code    80  gui.o(.text)
    Gui_Drawbmp16                            0x08002d01   Thumb Code    90  gui.o(.text)
    GUI_DrawFont64_one                       0x08002d5b   Thumb Code   194  gui.o(.text)
    GUI_DrawFont40_80_one                    0x08002e1d   Thumb Code   198  gui.o(.text)
    GUI_DrawFont48_one                       0x08002ee3   Thumb Code   202  gui.o(.text)
    LCD_WR_REG                               0x08002fc1   Thumb Code    32  lcd.o(.text)
    LCD_WR_DATA                              0x08002fe1   Thumb Code    34  lcd.o(.text)
    LCD_WriteReg                             0x08003003   Thumb Code    20  lcd.o(.text)
    LCD_WriteRAM_Prepare                     0x08003017   Thumb Code    12  lcd.o(.text)
    Lcd_WriteData_16Bit                      0x08003023   Thumb Code    42  lcd.o(.text)
    LCD_SetWindows                           0x0800304d   Thumb Code    84  lcd.o(.text)
    LCD_SetCursor                            0x080030a1   Thumb Code    20  lcd.o(.text)
    LCD_DrawPoint                            0x080030b5   Thumb Code    24  lcd.o(.text)
    LCD_Clear                                0x080030cd   Thumb Code    84  lcd.o(.text)
    LCD_GPIOInit                             0x08003121   Thumb Code    50  lcd.o(.text)
    LCD_RESET                                0x08003153   Thumb Code    30  lcd.o(.text)
    LCD_direction                            0x08003171   Thumb Code   128  lcd.o(.text)
    LCD_Init                                 0x080031f1   Thumb Code   602  lcd.o(.text)
    Motor_parameter_Init                     0x0800344d   Thumb Code   650  motor_control.o(.text)
    constrain_long                           0x080036d7   Thumb Code    22  motor_control.o(.text)
    Motor_Init                               0x080036ed   Thumb Code   442  motor_control.o(.text)
    HWT_Init                                 0x080038a7   Thumb Code    52  motor_control.o(.text)
    limit                                    0x080038db   Thumb Code    44  motor_control.o(.text)
    PositionPID_Calculate                    0x08003907   Thumb Code   166  motor_control.o(.text)
    IncrementalPID_Calculate                 0x080039ad   Thumb Code   138  motor_control.o(.text)
    mortor_TB6612Set                         0x08003a37   Thumb Code   174  motor_control.o(.text)
    sliding_average_filter                   0x08003ae5   Thumb Code    92  motor_control.o(.text)
    encoder_count_get                        0x08003b41   Thumb Code   194  motor_control.o(.text)
    speed_translation                        0x08003c03   Thumb Code    64  motor_control.o(.text)
    RobotCalculate                           0x08003c43   Thumb Code  1692  motor_control.o(.text)
    car_yaw_pid                              0x080042df   Thumb Code   144  motor_control.o(.text)
    mecanum                                  0x0800436f   Thumb Code   230  motor_control.o(.text)
    constrain_uint16_t                       0x08004481   Thumb Code    22  servo_control.o(.text)
    Servo_Init                               0x08004497   Thumb Code   220  servo_control.o(.text)
    Servo_clip_SetAngle                      0x08004573   Thumb Code    34  servo_control.o(.text)
    Servo_platform_SetAngle                  0x08004595   Thumb Code    34  servo_control.o(.text)
    Servo_turntable_SetAngle                 0x080045b7   Thumb Code    34  servo_control.o(.text)
    SPI_WriteByte                            0x080045e1   Thumb Code    34  spi.o(.text)
    SPI_SetSpeed                             0x08004603   Thumb Code    38  spi.o(.text)
    SPI2_Init                                0x08004629   Thumb Code   148  spi.o(.text)
    uart1_init                               0x080046c5   Thumb Code   152  usart.o(.text)
    uart2_init                               0x0800475d   Thumb Code   154  usart.o(.text)
    uart3_init                               0x080047f7   Thumb Code   158  usart.o(.text)
    uart4_init                               0x08004895   Thumb Code   158  usart.o(.text)
    uart5_init                               0x08004933   Thumb Code   162  usart.o(.text)
    uart_write_buffer                        0x080049d5   Thumb Code    44  usart.o(.text)
    uart_write_string                        0x08004a01   Thumb Code    40  usart.o(.text)
    Timer6_Init                              0x08004a4d   Thumb Code   122  timer.o(.text)
    Timer7_Init                              0x08004ac7   Thumb Code   122  timer.o(.text)
    LED_Init                                 0x08004b49   Thumb Code    90  led.o(.text)
    constrain_float                          0x08004bad   Thumb Code    40  pid.o(.text)
    PidInit                                  0x08004bd5   Thumb Code   108  pid.o(.text)
    PidLocCtrl                               0x08004c41   Thumb Code    96  pid.o(.text)
    PidIncCtrl                               0x08004ca1   Thumb Code   106  pid.o(.text)
    My_PidIncCtrl                            0x08004d0b   Thumb Code    98  pid.o(.text)
    Emm_V5_Reset_CurPos_To_Zero              0x08004d7d   Thumb Code    50  emm_v5.o(.text)
    Emm_V5_Reset_Clog_Pro                    0x08004daf   Thumb Code    50  emm_v5.o(.text)
    Emm_V5_Read_Sys_Params                   0x08004de1   Thumb Code   270  emm_v5.o(.text)
    Emm_V5_Modify_Ctrl_Mode                  0x08004eef   Thumb Code    66  emm_v5.o(.text)
    Emm_V5_En_Control                        0x08004f31   Thumb Code    66  emm_v5.o(.text)
    Emm_V5_Vel_Control                       0x08004f73   Thumb Code    80  emm_v5.o(.text)
    Emm_V5_Pos_Control                       0x08004fc3   Thumb Code   112  emm_v5.o(.text)
    Emm_V5_Stop_Now                          0x08005033   Thumb Code    56  emm_v5.o(.text)
    Emm_V5_Synchronous_motion                0x0800506b   Thumb Code    50  emm_v5.o(.text)
    Emm_V5_Origin_Set_O                      0x0800509d   Thumb Code    56  emm_v5.o(.text)
    Emm_V5_Origin_Modify_Params              0x080050d5   Thumb Code   176  emm_v5.o(.text)
    Emm_V5_Origin_Trigger_Return             0x08005185   Thumb Code    60  emm_v5.o(.text)
    Emm_V5_Origin_Interrupt                  0x080051c1   Thumb Code    50  emm_v5.o(.text)
    Button_Control_init                      0x080051f5   Thumb Code    82  button.o(.text)
    Button_Control_scan                      0x08005247   Thumb Code   158  button.o(.text)
    Reset_Handler                            0x08005321   Thumb Code     8  startup_stm32f10x_hd.o(.text)
    ADC1_2_IRQHandler                        0x0800533b   Thumb Code     0  startup_stm32f10x_hd.o(.text)
    ADC3_IRQHandler                          0x0800533b   Thumb Code     0  startup_stm32f10x_hd.o(.text)
    CAN1_RX1_IRQHandler                      0x0800533b   Thumb Code     0  startup_stm32f10x_hd.o(.text)
    CAN1_SCE_IRQHandler                      0x0800533b   Thumb Code     0  startup_stm32f10x_hd.o(.text)
    DMA1_Channel1_IRQHandler                 0x0800533b   Thumb Code     0  startup_stm32f10x_hd.o(.text)
    DMA1_Channel2_IRQHandler                 0x0800533b   Thumb Code     0  startup_stm32f10x_hd.o(.text)
    DMA1_Channel3_IRQHandler                 0x0800533b   Thumb Code     0  startup_stm32f10x_hd.o(.text)
    DMA1_Channel4_IRQHandler                 0x0800533b   Thumb Code     0  startup_stm32f10x_hd.o(.text)
    DMA1_Channel5_IRQHandler                 0x0800533b   Thumb Code     0  startup_stm32f10x_hd.o(.text)
    DMA1_Channel6_IRQHandler                 0x0800533b   Thumb Code     0  startup_stm32f10x_hd.o(.text)
    DMA1_Channel7_IRQHandler                 0x0800533b   Thumb Code     0  startup_stm32f10x_hd.o(.text)
    DMA2_Channel1_IRQHandler                 0x0800533b   Thumb Code     0  startup_stm32f10x_hd.o(.text)
    DMA2_Channel2_IRQHandler                 0x0800533b   Thumb Code     0  startup_stm32f10x_hd.o(.text)
    DMA2_Channel3_IRQHandler                 0x0800533b   Thumb Code     0  startup_stm32f10x_hd.o(.text)
    DMA2_Channel4_5_IRQHandler               0x0800533b   Thumb Code     0  startup_stm32f10x_hd.o(.text)
    EXTI0_IRQHandler                         0x0800533b   Thumb Code     0  startup_stm32f10x_hd.o(.text)
    EXTI15_10_IRQHandler                     0x0800533b   Thumb Code     0  startup_stm32f10x_hd.o(.text)
    EXTI1_IRQHandler                         0x0800533b   Thumb Code     0  startup_stm32f10x_hd.o(.text)
    EXTI2_IRQHandler                         0x0800533b   Thumb Code     0  startup_stm32f10x_hd.o(.text)
    EXTI3_IRQHandler                         0x0800533b   Thumb Code     0  startup_stm32f10x_hd.o(.text)
    EXTI4_IRQHandler                         0x0800533b   Thumb Code     0  startup_stm32f10x_hd.o(.text)
    EXTI9_5_IRQHandler                       0x0800533b   Thumb Code     0  startup_stm32f10x_hd.o(.text)
    FLASH_IRQHandler                         0x0800533b   Thumb Code     0  startup_stm32f10x_hd.o(.text)
    FSMC_IRQHandler                          0x0800533b   Thumb Code     0  startup_stm32f10x_hd.o(.text)
    I2C1_ER_IRQHandler                       0x0800533b   Thumb Code     0  startup_stm32f10x_hd.o(.text)
    I2C1_EV_IRQHandler                       0x0800533b   Thumb Code     0  startup_stm32f10x_hd.o(.text)
    I2C2_ER_IRQHandler                       0x0800533b   Thumb Code     0  startup_stm32f10x_hd.o(.text)
    I2C2_EV_IRQHandler                       0x0800533b   Thumb Code     0  startup_stm32f10x_hd.o(.text)
    PVD_IRQHandler                           0x0800533b   Thumb Code     0  startup_stm32f10x_hd.o(.text)
    RCC_IRQHandler                           0x0800533b   Thumb Code     0  startup_stm32f10x_hd.o(.text)
    RTCAlarm_IRQHandler                      0x0800533b   Thumb Code     0  startup_stm32f10x_hd.o(.text)
    RTC_IRQHandler                           0x0800533b   Thumb Code     0  startup_stm32f10x_hd.o(.text)
    SDIO_IRQHandler                          0x0800533b   Thumb Code     0  startup_stm32f10x_hd.o(.text)
    SPI1_IRQHandler                          0x0800533b   Thumb Code     0  startup_stm32f10x_hd.o(.text)
    SPI2_IRQHandler                          0x0800533b   Thumb Code     0  startup_stm32f10x_hd.o(.text)
    SPI3_IRQHandler                          0x0800533b   Thumb Code     0  startup_stm32f10x_hd.o(.text)
    TAMPER_IRQHandler                        0x0800533b   Thumb Code     0  startup_stm32f10x_hd.o(.text)
    TIM1_BRK_IRQHandler                      0x0800533b   Thumb Code     0  startup_stm32f10x_hd.o(.text)
    TIM1_CC_IRQHandler                       0x0800533b   Thumb Code     0  startup_stm32f10x_hd.o(.text)
    TIM1_TRG_COM_IRQHandler                  0x0800533b   Thumb Code     0  startup_stm32f10x_hd.o(.text)
    TIM1_UP_IRQHandler                       0x0800533b   Thumb Code     0  startup_stm32f10x_hd.o(.text)
    TIM2_IRQHandler                          0x0800533b   Thumb Code     0  startup_stm32f10x_hd.o(.text)
    TIM3_IRQHandler                          0x0800533b   Thumb Code     0  startup_stm32f10x_hd.o(.text)
    TIM4_IRQHandler                          0x0800533b   Thumb Code     0  startup_stm32f10x_hd.o(.text)
    TIM5_IRQHandler                          0x0800533b   Thumb Code     0  startup_stm32f10x_hd.o(.text)
    TIM8_BRK_IRQHandler                      0x0800533b   Thumb Code     0  startup_stm32f10x_hd.o(.text)
    TIM8_CC_IRQHandler                       0x0800533b   Thumb Code     0  startup_stm32f10x_hd.o(.text)
    TIM8_TRG_COM_IRQHandler                  0x0800533b   Thumb Code     0  startup_stm32f10x_hd.o(.text)
    TIM8_UP_IRQHandler                       0x0800533b   Thumb Code     0  startup_stm32f10x_hd.o(.text)
    USBWakeUp_IRQHandler                     0x0800533b   Thumb Code     0  startup_stm32f10x_hd.o(.text)
    USB_HP_CAN1_TX_IRQHandler                0x0800533b   Thumb Code     0  startup_stm32f10x_hd.o(.text)
    USB_LP_CAN1_RX0_IRQHandler               0x0800533b   Thumb Code     0  startup_stm32f10x_hd.o(.text)
    WWDG_IRQHandler                          0x0800533b   Thumb Code     0  startup_stm32f10x_hd.o(.text)
    __user_initial_stackheap                 0x0800533d   Thumb Code     0  startup_stm32f10x_hd.o(.text)
    NVIC_PriorityGroupConfig                 0x08005361   Thumb Code    10  misc.o(.text)
    NVIC_Init                                0x0800536b   Thumb Code   100  misc.o(.text)
    NVIC_SetVectorTable                      0x080053cf   Thumb Code    14  misc.o(.text)
    NVIC_SystemLPConfig                      0x080053dd   Thumb Code    34  misc.o(.text)
    SysTick_CLKSourceConfig                  0x080053ff   Thumb Code    40  misc.o(.text)
    GPIO_DeInit                              0x0800543d   Thumb Code   172  stm32f10x_gpio.o(.text)
    GPIO_AFIODeInit                          0x080054e9   Thumb Code    20  stm32f10x_gpio.o(.text)
    GPIO_Init                                0x080054fd   Thumb Code   278  stm32f10x_gpio.o(.text)
    GPIO_StructInit                          0x08005613   Thumb Code    16  stm32f10x_gpio.o(.text)
    GPIO_ReadInputDataBit                    0x08005623   Thumb Code    18  stm32f10x_gpio.o(.text)
    GPIO_ReadInputData                       0x08005635   Thumb Code     8  stm32f10x_gpio.o(.text)
    GPIO_ReadOutputDataBit                   0x0800563d   Thumb Code    18  stm32f10x_gpio.o(.text)
    GPIO_ReadOutputData                      0x0800564f   Thumb Code     8  stm32f10x_gpio.o(.text)
    GPIO_SetBits                             0x08005657   Thumb Code     4  stm32f10x_gpio.o(.text)
    GPIO_ResetBits                           0x0800565b   Thumb Code     4  stm32f10x_gpio.o(.text)
    GPIO_WriteBit                            0x0800565f   Thumb Code    10  stm32f10x_gpio.o(.text)
    GPIO_Write                               0x08005669   Thumb Code     4  stm32f10x_gpio.o(.text)
    GPIO_PinLockConfig                       0x0800566d   Thumb Code    18  stm32f10x_gpio.o(.text)
    GPIO_EventOutputConfig                   0x0800567f   Thumb Code    26  stm32f10x_gpio.o(.text)
    GPIO_EventOutputCmd                      0x08005699   Thumb Code     6  stm32f10x_gpio.o(.text)
    GPIO_PinRemapConfig                      0x0800569f   Thumb Code   138  stm32f10x_gpio.o(.text)
    GPIO_EXTILineConfig                      0x08005729   Thumb Code    66  stm32f10x_gpio.o(.text)
    GPIO_ETH_MediaInterfaceConfig            0x0800576b   Thumb Code     8  stm32f10x_gpio.o(.text)
    RCC_DeInit                               0x08005799   Thumb Code    64  stm32f10x_rcc.o(.text)
    RCC_HSEConfig                            0x080057d9   Thumb Code    70  stm32f10x_rcc.o(.text)
    RCC_GetFlagStatus                        0x0800581f   Thumb Code    56  stm32f10x_rcc.o(.text)
    RCC_WaitForHSEStartUp                    0x08005857   Thumb Code    56  stm32f10x_rcc.o(.text)
    RCC_AdjustHSICalibrationValue            0x0800588f   Thumb Code    20  stm32f10x_rcc.o(.text)
    RCC_HSICmd                               0x080058a3   Thumb Code     6  stm32f10x_rcc.o(.text)
    RCC_PLLConfig                            0x080058a9   Thumb Code    24  stm32f10x_rcc.o(.text)
    RCC_PLLCmd                               0x080058c1   Thumb Code     6  stm32f10x_rcc.o(.text)
    RCC_SYSCLKConfig                         0x080058c7   Thumb Code    18  stm32f10x_rcc.o(.text)
    RCC_GetSYSCLKSource                      0x080058d9   Thumb Code    10  stm32f10x_rcc.o(.text)
    RCC_HCLKConfig                           0x080058e3   Thumb Code    18  stm32f10x_rcc.o(.text)
    RCC_PCLK1Config                          0x080058f5   Thumb Code    18  stm32f10x_rcc.o(.text)
    RCC_PCLK2Config                          0x08005907   Thumb Code    20  stm32f10x_rcc.o(.text)
    RCC_ITConfig                             0x0800591b   Thumb Code    26  stm32f10x_rcc.o(.text)
    RCC_USBCLKConfig                         0x08005935   Thumb Code     8  stm32f10x_rcc.o(.text)
    RCC_ADCCLKConfig                         0x0800593d   Thumb Code    18  stm32f10x_rcc.o(.text)
    RCC_LSEConfig                            0x0800594f   Thumb Code    50  stm32f10x_rcc.o(.text)
    RCC_LSICmd                               0x08005981   Thumb Code     6  stm32f10x_rcc.o(.text)
    RCC_RTCCLKConfig                         0x08005987   Thumb Code    12  stm32f10x_rcc.o(.text)
    RCC_RTCCLKCmd                            0x08005993   Thumb Code     8  stm32f10x_rcc.o(.text)
    RCC_GetClocksFreq                        0x0800599b   Thumb Code   192  stm32f10x_rcc.o(.text)
    RCC_AHBPeriphClockCmd                    0x08005a5b   Thumb Code    26  stm32f10x_rcc.o(.text)
    RCC_APB2PeriphClockCmd                   0x08005a75   Thumb Code    26  stm32f10x_rcc.o(.text)
    RCC_APB1PeriphClockCmd                   0x08005a8f   Thumb Code    26  stm32f10x_rcc.o(.text)
    RCC_APB2PeriphResetCmd                   0x08005aa9   Thumb Code    26  stm32f10x_rcc.o(.text)
    RCC_APB1PeriphResetCmd                   0x08005ac3   Thumb Code    26  stm32f10x_rcc.o(.text)
    RCC_BackupResetCmd                       0x08005add   Thumb Code     8  stm32f10x_rcc.o(.text)
    RCC_ClockSecuritySystemCmd               0x08005ae5   Thumb Code     6  stm32f10x_rcc.o(.text)
    RCC_MCOConfig                            0x08005aeb   Thumb Code     6  stm32f10x_rcc.o(.text)
    RCC_ClearFlag                            0x08005af1   Thumb Code    14  stm32f10x_rcc.o(.text)
    RCC_GetITStatus                          0x08005aff   Thumb Code    20  stm32f10x_rcc.o(.text)
    RCC_ClearITPendingBit                    0x08005b13   Thumb Code     6  stm32f10x_rcc.o(.text)
    SPI_I2S_DeInit                           0x08005b3d   Thumb Code    76  stm32f10x_spi.o(.text)
    SPI_Init                                 0x08005b89   Thumb Code    60  stm32f10x_spi.o(.text)
    I2S_Init                                 0x08005bc5   Thumb Code   226  stm32f10x_spi.o(.text)
    SPI_StructInit                           0x08005ca7   Thumb Code    24  stm32f10x_spi.o(.text)
    I2S_StructInit                           0x08005cbf   Thumb Code    20  stm32f10x_spi.o(.text)
    SPI_Cmd                                  0x08005cd3   Thumb Code    24  stm32f10x_spi.o(.text)
    I2S_Cmd                                  0x08005ceb   Thumb Code    24  stm32f10x_spi.o(.text)
    SPI_I2S_ITConfig                         0x08005d03   Thumb Code    32  stm32f10x_spi.o(.text)
    SPI_I2S_DMACmd                           0x08005d23   Thumb Code    18  stm32f10x_spi.o(.text)
    SPI_I2S_SendData                         0x08005d35   Thumb Code     4  stm32f10x_spi.o(.text)
    SPI_I2S_ReceiveData                      0x08005d39   Thumb Code     6  stm32f10x_spi.o(.text)
    SPI_NSSInternalSoftwareConfig            0x08005d3f   Thumb Code    30  stm32f10x_spi.o(.text)
    SPI_SSOutputCmd                          0x08005d5d   Thumb Code    24  stm32f10x_spi.o(.text)
    SPI_DataSizeConfig                       0x08005d75   Thumb Code    18  stm32f10x_spi.o(.text)
    SPI_TransmitCRC                          0x08005d87   Thumb Code    10  stm32f10x_spi.o(.text)
    SPI_CalculateCRC                         0x08005d91   Thumb Code    24  stm32f10x_spi.o(.text)
    SPI_GetCRC                               0x08005da9   Thumb Code    16  stm32f10x_spi.o(.text)
    SPI_GetCRCPolynomial                     0x08005db9   Thumb Code     6  stm32f10x_spi.o(.text)
    SPI_BiDirectionalLineConfig              0x08005dbf   Thumb Code    28  stm32f10x_spi.o(.text)
    SPI_I2S_GetFlagStatus                    0x08005ddb   Thumb Code    18  stm32f10x_spi.o(.text)
    SPI_I2S_ClearFlag                        0x08005ded   Thumb Code     6  stm32f10x_spi.o(.text)
    SPI_I2S_GetITStatus                      0x08005df3   Thumb Code    52  stm32f10x_spi.o(.text)
    SPI_I2S_ClearITPendingBit                0x08005e27   Thumb Code    20  stm32f10x_spi.o(.text)
    TIM_DeInit                               0x08005e49   Thumb Code   424  stm32f10x_tim.o(.text)
    TIM_TimeBaseInit                         0x08005ff1   Thumb Code   122  stm32f10x_tim.o(.text)
    TIM_OC1Init                              0x0800606b   Thumb Code   132  stm32f10x_tim.o(.text)
    TIM_OC2Init                              0x080060ef   Thumb Code   154  stm32f10x_tim.o(.text)
    TIM_OC3Init                              0x08006189   Thumb Code   150  stm32f10x_tim.o(.text)
    TIM_OC4Init                              0x0800621f   Thumb Code   182  stm32f10x_tim.o(.text)
    TIM_SetIC4Prescaler                      0x080062d5   Thumb Code    26  stm32f10x_tim.o(.text)
    TIM_SetIC3Prescaler                      0x08006371   Thumb Code    18  stm32f10x_tim.o(.text)
    TIM_SetIC2Prescaler                      0x080063fd   Thumb Code    26  stm32f10x_tim.o(.text)
    TIM_SetIC1Prescaler                      0x08006499   Thumb Code    18  stm32f10x_tim.o(.text)
    TIM_ICInit                               0x08006517   Thumb Code   150  stm32f10x_tim.o(.text)
    TIM_PWMIConfig                           0x080065ad   Thumb Code   124  stm32f10x_tim.o(.text)
    TIM_BDTRConfig                           0x08006629   Thumb Code    32  stm32f10x_tim.o(.text)
    TIM_TimeBaseStructInit                   0x08006649   Thumb Code    18  stm32f10x_tim.o(.text)
    TIM_OCStructInit                         0x0800665b   Thumb Code    20  stm32f10x_tim.o(.text)
    TIM_ICStructInit                         0x0800666f   Thumb Code    18  stm32f10x_tim.o(.text)
    TIM_BDTRStructInit                       0x08006681   Thumb Code    40  stm32f10x_tim.o(.text)
    TIM_Cmd                                  0x080066a9   Thumb Code    24  stm32f10x_tim.o(.text)
    TIM_CtrlPWMOutputs                       0x080066c1   Thumb Code    30  stm32f10x_tim.o(.text)
    TIM_ITConfig                             0x080066df   Thumb Code    18  stm32f10x_tim.o(.text)
    TIM_GenerateEvent                        0x080066f1   Thumb Code     4  stm32f10x_tim.o(.text)
    TIM_DMAConfig                            0x080066f5   Thumb Code    10  stm32f10x_tim.o(.text)
    TIM_DMACmd                               0x080066ff   Thumb Code    18  stm32f10x_tim.o(.text)
    TIM_InternalClockConfig                  0x08006711   Thumb Code    12  stm32f10x_tim.o(.text)
    TIM_SelectInputTrigger                   0x0800671d   Thumb Code    18  stm32f10x_tim.o(.text)
    TIM_ITRxExternalClockConfig              0x0800672f   Thumb Code    24  stm32f10x_tim.o(.text)
    TIM_TIxExternalClockConfig               0x08006747   Thumb Code    62  stm32f10x_tim.o(.text)
    TIM_ETRConfig                            0x08006785   Thumb Code    28  stm32f10x_tim.o(.text)
    TIM_ETRClockMode1Config                  0x080067a1   Thumb Code    54  stm32f10x_tim.o(.text)
    TIM_ETRClockMode2Config                  0x080067d7   Thumb Code    32  stm32f10x_tim.o(.text)
    TIM_PrescalerConfig                      0x080067f7   Thumb Code     6  stm32f10x_tim.o(.text)
    TIM_CounterModeConfig                    0x080067fd   Thumb Code    18  stm32f10x_tim.o(.text)
    TIM_EncoderInterfaceConfig               0x0800680f   Thumb Code    66  stm32f10x_tim.o(.text)
    TIM_ForcedOC1Config                      0x08006851   Thumb Code    18  stm32f10x_tim.o(.text)
    TIM_ForcedOC2Config                      0x08006863   Thumb Code    26  stm32f10x_tim.o(.text)
    TIM_ForcedOC3Config                      0x0800687d   Thumb Code    18  stm32f10x_tim.o(.text)
    TIM_ForcedOC4Config                      0x0800688f   Thumb Code    26  stm32f10x_tim.o(.text)
    TIM_ARRPreloadConfig                     0x080068a9   Thumb Code    24  stm32f10x_tim.o(.text)
    TIM_SelectCOM                            0x080068c1   Thumb Code    24  stm32f10x_tim.o(.text)
    TIM_SelectCCDMA                          0x080068d9   Thumb Code    24  stm32f10x_tim.o(.text)
    TIM_CCPreloadControl                     0x080068f1   Thumb Code    24  stm32f10x_tim.o(.text)
    TIM_OC1PreloadConfig                     0x08006909   Thumb Code    18  stm32f10x_tim.o(.text)
    TIM_OC2PreloadConfig                     0x0800691b   Thumb Code    26  stm32f10x_tim.o(.text)
    TIM_OC3PreloadConfig                     0x08006935   Thumb Code    18  stm32f10x_tim.o(.text)
    TIM_OC4PreloadConfig                     0x08006947   Thumb Code    26  stm32f10x_tim.o(.text)
    TIM_OC1FastConfig                        0x08006961   Thumb Code    18  stm32f10x_tim.o(.text)
    TIM_OC2FastConfig                        0x08006973   Thumb Code    26  stm32f10x_tim.o(.text)
    TIM_OC3FastConfig                        0x0800698d   Thumb Code    18  stm32f10x_tim.o(.text)
    TIM_OC4FastConfig                        0x0800699f   Thumb Code    26  stm32f10x_tim.o(.text)
    TIM_ClearOC1Ref                          0x080069b9   Thumb Code    18  stm32f10x_tim.o(.text)
    TIM_ClearOC2Ref                          0x080069cb   Thumb Code    24  stm32f10x_tim.o(.text)
    TIM_ClearOC3Ref                          0x080069e3   Thumb Code    18  stm32f10x_tim.o(.text)
    TIM_ClearOC4Ref                          0x080069f5   Thumb Code    24  stm32f10x_tim.o(.text)
    TIM_OC1PolarityConfig                    0x08006a0d   Thumb Code    18  stm32f10x_tim.o(.text)
    TIM_OC1NPolarityConfig                   0x08006a1f   Thumb Code    18  stm32f10x_tim.o(.text)
    TIM_OC2PolarityConfig                    0x08006a31   Thumb Code    26  stm32f10x_tim.o(.text)
    TIM_OC2NPolarityConfig                   0x08006a4b   Thumb Code    26  stm32f10x_tim.o(.text)
    TIM_OC3PolarityConfig                    0x08006a65   Thumb Code    26  stm32f10x_tim.o(.text)
    TIM_OC3NPolarityConfig                   0x08006a7f   Thumb Code    26  stm32f10x_tim.o(.text)
    TIM_OC4PolarityConfig                    0x08006a99   Thumb Code    26  stm32f10x_tim.o(.text)
    TIM_CCxCmd                               0x08006ab3   Thumb Code    30  stm32f10x_tim.o(.text)
    TIM_CCxNCmd                              0x08006ad1   Thumb Code    30  stm32f10x_tim.o(.text)
    TIM_SelectOCxM                           0x08006aef   Thumb Code    82  stm32f10x_tim.o(.text)
    TIM_UpdateDisableConfig                  0x08006b41   Thumb Code    24  stm32f10x_tim.o(.text)
    TIM_UpdateRequestConfig                  0x08006b59   Thumb Code    24  stm32f10x_tim.o(.text)
    TIM_SelectHallSensor                     0x08006b71   Thumb Code    24  stm32f10x_tim.o(.text)
    TIM_SelectOnePulseMode                   0x08006b89   Thumb Code    18  stm32f10x_tim.o(.text)
    TIM_SelectOutputTrigger                  0x08006b9b   Thumb Code    18  stm32f10x_tim.o(.text)
    TIM_SelectSlaveMode                      0x08006bad   Thumb Code    18  stm32f10x_tim.o(.text)
    TIM_SelectMasterSlaveMode                0x08006bbf   Thumb Code    18  stm32f10x_tim.o(.text)
    TIM_SetCounter                           0x08006bd1   Thumb Code     4  stm32f10x_tim.o(.text)
    TIM_SetAutoreload                        0x08006bd5   Thumb Code     4  stm32f10x_tim.o(.text)
    TIM_SetCompare1                          0x08006bd9   Thumb Code     4  stm32f10x_tim.o(.text)
    TIM_SetCompare2                          0x08006bdd   Thumb Code     4  stm32f10x_tim.o(.text)
    TIM_SetCompare3                          0x08006be1   Thumb Code     4  stm32f10x_tim.o(.text)
    TIM_SetCompare4                          0x08006be5   Thumb Code     6  stm32f10x_tim.o(.text)
    TIM_SetClockDivision                     0x08006beb   Thumb Code    18  stm32f10x_tim.o(.text)
    TIM_GetCapture1                          0x08006bfd   Thumb Code     6  stm32f10x_tim.o(.text)
    TIM_GetCapture2                          0x08006c03   Thumb Code     6  stm32f10x_tim.o(.text)
    TIM_GetCapture3                          0x08006c09   Thumb Code     6  stm32f10x_tim.o(.text)
    TIM_GetCapture4                          0x08006c0f   Thumb Code     8  stm32f10x_tim.o(.text)
    TIM_GetCounter                           0x08006c17   Thumb Code     6  stm32f10x_tim.o(.text)
    TIM_GetPrescaler                         0x08006c1d   Thumb Code     6  stm32f10x_tim.o(.text)
    TIM_GetFlagStatus                        0x08006c23   Thumb Code    18  stm32f10x_tim.o(.text)
    TIM_ClearFlag                            0x08006c35   Thumb Code     6  stm32f10x_tim.o(.text)
    TIM_GetITStatus                          0x08006c3b   Thumb Code    34  stm32f10x_tim.o(.text)
    TIM_ClearITPendingBit                    0x08006c5d   Thumb Code     6  stm32f10x_tim.o(.text)
    USART_DeInit                             0x08006c65   Thumb Code   134  stm32f10x_usart.o(.text)
    USART_Init                               0x08006ceb   Thumb Code   210  stm32f10x_usart.o(.text)
    USART_StructInit                         0x08006dbd   Thumb Code    24  stm32f10x_usart.o(.text)
    USART_ClockInit                          0x08006dd5   Thumb Code    34  stm32f10x_usart.o(.text)
    USART_ClockStructInit                    0x08006df7   Thumb Code    12  stm32f10x_usart.o(.text)
    USART_Cmd                                0x08006e03   Thumb Code    24  stm32f10x_usart.o(.text)
    USART_ITConfig                           0x08006e1b   Thumb Code    74  stm32f10x_usart.o(.text)
    USART_DMACmd                             0x08006e65   Thumb Code    18  stm32f10x_usart.o(.text)
    USART_SetAddress                         0x08006e77   Thumb Code    18  stm32f10x_usart.o(.text)
    USART_WakeUpConfig                       0x08006e89   Thumb Code    18  stm32f10x_usart.o(.text)
    USART_ReceiverWakeUpCmd                  0x08006e9b   Thumb Code    24  stm32f10x_usart.o(.text)
    USART_LINBreakDetectLengthConfig         0x08006eb3   Thumb Code    18  stm32f10x_usart.o(.text)
    USART_LINCmd                             0x08006ec5   Thumb Code    24  stm32f10x_usart.o(.text)
    USART_SendData                           0x08006edd   Thumb Code     8  stm32f10x_usart.o(.text)
    USART_ReceiveData                        0x08006ee5   Thumb Code    10  stm32f10x_usart.o(.text)
    USART_SendBreak                          0x08006eef   Thumb Code    10  stm32f10x_usart.o(.text)
    USART_SetGuardTime                       0x08006ef9   Thumb Code    16  stm32f10x_usart.o(.text)
    USART_SetPrescaler                       0x08006f09   Thumb Code    16  stm32f10x_usart.o(.text)
    USART_SmartCardCmd                       0x08006f19   Thumb Code    24  stm32f10x_usart.o(.text)
    USART_SmartCardNACKCmd                   0x08006f31   Thumb Code    24  stm32f10x_usart.o(.text)
    USART_HalfDuplexCmd                      0x08006f49   Thumb Code    24  stm32f10x_usart.o(.text)
    USART_OverSampling8Cmd                   0x08006f61   Thumb Code    22  stm32f10x_usart.o(.text)
    USART_OneBitMethodCmd                    0x08006f77   Thumb Code    24  stm32f10x_usart.o(.text)
    USART_IrDAConfig                         0x08006f8f   Thumb Code    18  stm32f10x_usart.o(.text)
    USART_IrDACmd                            0x08006fa1   Thumb Code    24  stm32f10x_usart.o(.text)
    USART_GetFlagStatus                      0x08006fb9   Thumb Code    26  stm32f10x_usart.o(.text)
    USART_ClearFlag                          0x08006fd3   Thumb Code    18  stm32f10x_usart.o(.text)
    USART_GetITStatus                        0x08006fe5   Thumb Code    84  stm32f10x_usart.o(.text)
    USART_ClearITPendingBit                  0x08007039   Thumb Code    52  stm32f10x_usart.o(.text)
    delay_init                               0x0800706d   Thumb Code    50  delay.o(.text)
    delay_us                                 0x0800709f   Thumb Code    72  delay.o(.text)
    delay_ms                                 0x080070e7   Thumb Code    72  delay.o(.text)
    __2sprintf                               0x08007141   Thumb Code    34  noretval__2sprintf.o(.text)
    _printf_str                              0x08007169   Thumb Code    82  _printf_str.o(.text)
    _printf_int_dec                          0x080071bd   Thumb Code   104  _printf_dec.o(.text)
    __printf                                 0x08007235   Thumb Code   270  __printf_wp.o(.text)
    atoi                                     0x08007343   Thumb Code    26  atoi.o(.text)
    strlen                                   0x0800735d   Thumb Code    62  strlen.o(.text)
    __aeabi_memset                           0x0800739b   Thumb Code    16  aeabi_memset.o(.text)
    __aeabi_memclr4                          0x080073ab   Thumb Code     0  rt_memclr_w.o(.text)
    __aeabi_memclr8                          0x080073ab   Thumb Code     0  rt_memclr_w.o(.text)
    __rt_memclr_w                            0x080073ab   Thumb Code    78  rt_memclr_w.o(.text)
    _memset_w                                0x080073af   Thumb Code     0  rt_memclr_w.o(.text)
    __use_two_region_memory                  0x080073f9   Thumb Code     2  heapauxi.o(.text)
    __rt_heap_escrow$2region                 0x080073fb   Thumb Code     2  heapauxi.o(.text)
    __rt_heap_expand$2region                 0x080073fd   Thumb Code     2  heapauxi.o(.text)
    __aeabi_errno_addr                       0x08007401   Thumb Code     8  rt_errno_addr_intlibspace.o(.text)
    __errno$intlibspace                      0x08007401   Thumb Code     0  rt_errno_addr_intlibspace.o(.text)
    __rt_errno_addr$intlibspace              0x08007401   Thumb Code     0  rt_errno_addr_intlibspace.o(.text)
    __read_errno                             0x08007409   Thumb Code    10  _rserrno.o(.text)
    __set_errno                              0x08007413   Thumb Code    12  _rserrno.o(.text)
    _printf_int_common                       0x0800741f   Thumb Code   178  _printf_intcommon.o(.text)
    __lib_sel_fp_printf                      0x080074d1   Thumb Code     2  _printf_fp_dec.o(.text)
    _printf_fp_dec_real                      0x08007683   Thumb Code   620  _printf_fp_dec.o(.text)
    _printf_char_common                      0x080078fb   Thumb Code    32  _printf_char_common.o(.text)
    _sputc                                   0x08007921   Thumb Code    10  _sputc.o(.text)
    _printf_cs_common                        0x0800792b   Thumb Code    20  _printf_char.o(.text)
    _printf_char                             0x0800793f   Thumb Code    16  _printf_char.o(.text)
    _printf_string                           0x0800794f   Thumb Code     8  _printf_char.o(.text)
    strtol                                   0x08007957   Thumb Code   112  strtol.o(.text)
    __aeabi_memclr                           0x080079c7   Thumb Code     0  rt_memclr.o(.text)
    __rt_memclr                              0x080079c7   Thumb Code    68  rt_memclr.o(.text)
    _memset                                  0x080079cb   Thumb Code     0  rt_memclr.o(.text)
    __user_libspace                          0x08007a0d   Thumb Code     8  libspace.o(.text)
    __user_perproc_libspace                  0x08007a0d   Thumb Code     0  libspace.o(.text)
    __user_perthread_libspace                0x08007a0d   Thumb Code     0  libspace.o(.text)
    __rt_ctype_table                         0x08007a15   Thumb Code    16  rt_ctype_table.o(.text)
    __rt_locale                              0x08007a25   Thumb Code     8  rt_locale_intlibspace.o(.text)
    _ll_udiv10                               0x08007a2d   Thumb Code   138  lludiv10.o(.text)
    _printf_fp_infnan                        0x08007ab9   Thumb Code   112  _printf_fp_infnan.o(.text)
    _strtoul                                 0x08007b39   Thumb Code   158  _strtoul.o(.text)
    _btod_etento                             0x08007bd9   Thumb Code   224  bigflt0.o(.text)
    __user_setup_stackheap                   0x08007cbd   Thumb Code    74  sys_stackheap_outer.o(.text)
    _chval                                   0x08007d07   Thumb Code    28  _chval.o(.text)
    exit                                     0x08007d23   Thumb Code    18  exit.o(.text)
    strcmp                                   0x08007d35   Thumb Code   128  strcmpv7m.o(.text)
    _sys_exit                                0x08007db5   Thumb Code     8  sys_exit.o(.text)
    __I$use$semihosting                      0x08007dc1   Thumb Code     0  use_no_semi.o(.text)
    __use_no_semihosting_swi                 0x08007dc1   Thumb Code     2  use_no_semi.o(.text)
    __semihosting_library_function           0x08007dc3   Thumb Code     0  indicate_semi.o(.text)
    _btod_d2e                                0x08007dc3   Thumb Code    62  btod.o(CL$$btod_d2e)
    _d2e_denorm_low                          0x08007e01   Thumb Code    70  btod.o(CL$$btod_d2e_denorm_low)
    _d2e_norm_op1                            0x08007e47   Thumb Code    96  btod.o(CL$$btod_d2e_norm_op1)
    __btod_div_common                        0x08007ea7   Thumb Code   696  btod.o(CL$$btod_div_common)
    _e2e                                     0x080081df   Thumb Code   220  btod.o(CL$$btod_e2e)
    _btod_ediv                               0x080082bb   Thumb Code    42  btod.o(CL$$btod_ediv)
    _btod_emul                               0x080082e5   Thumb Code    42  btod.o(CL$$btod_emul)
    __btod_mult_common                       0x0800830f   Thumb Code   580  btod.o(CL$$btod_mult_common)
    __ARM_fpclassify                         0x08008553   Thumb Code    40  fpclassify.o(i.__ARM_fpclassify)
    __ieee754_rem_pio2                       0x0800857d   Thumb Code   828  rred.o(i.__ieee754_rem_pio2)
    __kernel_cos                             0x08008905   Thumb Code   230  cos_i.o(i.__kernel_cos)
    __kernel_poly                            0x08008a01   Thumb Code   170  poly.o(i.__kernel_poly)
    __kernel_sin                             0x08008aad   Thumb Code   224  sin_i.o(i.__kernel_sin)
    __mathlib_dbl_infnan                     0x08008b99   Thumb Code     6  dunder.o(i.__mathlib_dbl_infnan)
    __mathlib_dbl_invalid                    0x08008b9f   Thumb Code    12  dunder.o(i.__mathlib_dbl_invalid)
    __mathlib_dbl_underflow                  0x08008bad   Thumb Code    10  dunder.o(i.__mathlib_dbl_underflow)
    _is_digit                                0x08008bbd   Thumb Code    14  __printf_wp.o(i._is_digit)
    cos                                      0x08008bcd   Thumb Code   148  cos.o(i.cos)
    sin                                      0x08008c69   Thumb Code   150  sin.o(i.sin)
    _get_lc_numeric                          0x08008d09   Thumb Code    44  lc_numeric_c.o(locale$$code)
    _get_lc_ctype                            0x08008d35   Thumb Code    44  lc_ctype_c.o(locale$$code)
    __aeabi_d2f                              0x08008d61   Thumb Code     0  d2f.o(x$fpl$d2f)
    _d2f                                     0x08008d61   Thumb Code    98  d2f.o(x$fpl$d2f)
    __aeabi_dadd                             0x08008dc5   Thumb Code     0  daddsub_clz.o(x$fpl$dadd)
    _dadd                                    0x08008dc5   Thumb Code   332  daddsub_clz.o(x$fpl$dadd)
    __fpl_dcheck_NaN1                        0x08008f15   Thumb Code    10  dcheck1.o(x$fpl$dcheck1)
    __fpl_dcmp_Inf                           0x08008f25   Thumb Code    24  dcmpi.o(x$fpl$dcmpinf)
    __aeabi_ddiv                             0x08008f3d   Thumb Code     0  ddiv.o(x$fpl$ddiv)
    _ddiv                                    0x08008f3d   Thumb Code   552  ddiv.o(x$fpl$ddiv)
    __aeabi_d2iz                             0x080091ed   Thumb Code     0  dfix.o(x$fpl$dfix)
    _dfix                                    0x080091ed   Thumb Code    94  dfix.o(x$fpl$dfix)
    __aeabi_i2d                              0x0800924b   Thumb Code     0  dflt_clz.o(x$fpl$dflt)
    _dflt                                    0x0800924b   Thumb Code    46  dflt_clz.o(x$fpl$dflt)
    __aeabi_ui2d                             0x08009279   Thumb Code     0  dflt_clz.o(x$fpl$dfltu)
    _dfltu                                   0x08009279   Thumb Code    38  dflt_clz.o(x$fpl$dfltu)
    __aeabi_cdcmple                          0x080092a1   Thumb Code     0  dleqf.o(x$fpl$dleqf)
    _dcmple                                  0x080092a1   Thumb Code   120  dleqf.o(x$fpl$dleqf)
    __fpl_dcmple_InfNaN                      0x08009303   Thumb Code     0  dleqf.o(x$fpl$dleqf)
    __aeabi_dmul                             0x08009319   Thumb Code     0  dmul.o(x$fpl$dmul)
    _dmul                                    0x08009319   Thumb Code   332  dmul.o(x$fpl$dmul)
    __fpl_dnaninf                            0x0800946d   Thumb Code   156  dnaninf.o(x$fpl$dnaninf)
    __fpl_dretinf                            0x08009509   Thumb Code    12  dretinf.o(x$fpl$dretinf)
    __aeabi_cdrcmple                         0x08009515   Thumb Code     0  drleqf.o(x$fpl$drleqf)
    _drcmple                                 0x08009515   Thumb Code   108  drleqf.o(x$fpl$drleqf)
    __aeabi_drsub                            0x08009581   Thumb Code     0  daddsub_clz.o(x$fpl$drsb)
    _drsb                                    0x08009581   Thumb Code    22  daddsub_clz.o(x$fpl$drsb)
    __aeabi_dsub                             0x08009599   Thumb Code     0  daddsub_clz.o(x$fpl$dsub)
    _dsub                                    0x08009599   Thumb Code   464  daddsub_clz.o(x$fpl$dsub)
    __aeabi_f2d                              0x0800976d   Thumb Code     0  f2d.o(x$fpl$f2d)
    _f2d                                     0x0800976d   Thumb Code    86  f2d.o(x$fpl$f2d)
    __aeabi_fadd                             0x080097c5   Thumb Code     0  faddsub_clz.o(x$fpl$fadd)
    _fadd                                    0x080097c5   Thumb Code   196  faddsub_clz.o(x$fpl$fadd)
    __fpl_fcmp_Inf                           0x08009889   Thumb Code    24  fcmpi.o(x$fpl$fcmpinf)
    __aeabi_fdiv                             0x080098a1   Thumb Code     0  fdiv.o(x$fpl$fdiv)
    _fdiv                                    0x080098a1   Thumb Code   384  fdiv.o(x$fpl$fdiv)
    __aeabi_cfcmpeq                          0x08009a25   Thumb Code     0  feqf.o(x$fpl$feqf)
    _fcmpeq                                  0x08009a25   Thumb Code   104  feqf.o(x$fpl$feqf)
    __aeabi_f2iz                             0x08009a8d   Thumb Code     0  ffix.o(x$fpl$ffix)
    _ffix                                    0x08009a8d   Thumb Code    54  ffix.o(x$fpl$ffix)
    __aeabi_i2f                              0x08009ac5   Thumb Code     0  fflt_clz.o(x$fpl$fflt)
    _fflt                                    0x08009ac5   Thumb Code    48  fflt_clz.o(x$fpl$fflt)
    __aeabi_ui2f                             0x08009af5   Thumb Code     0  fflt_clz.o(x$fpl$ffltu)
    _ffltu                                   0x08009af5   Thumb Code    38  fflt_clz.o(x$fpl$ffltu)
    __aeabi_cfcmple                          0x08009b1d   Thumb Code     0  fleqf.o(x$fpl$fleqf)
    _fcmple                                  0x08009b1d   Thumb Code   104  fleqf.o(x$fpl$fleqf)
    __fpl_fcmple_InfNaN                      0x08009b6f   Thumb Code     0  fleqf.o(x$fpl$fleqf)
    __aeabi_fmul                             0x08009b85   Thumb Code     0  fmul.o(x$fpl$fmul)
    _fmul                                    0x08009b85   Thumb Code   258  fmul.o(x$fpl$fmul)
    __fpl_fnaninf                            0x08009c87   Thumb Code   140  fnaninf.o(x$fpl$fnaninf)
    __fpl_fretinf                            0x08009d13   Thumb Code    10  fretinf.o(x$fpl$fretinf)
    __aeabi_cfrcmple                         0x08009d1d   Thumb Code     0  frleqf.o(x$fpl$frleqf)
    _frcmple                                 0x08009d1d   Thumb Code    98  frleqf.o(x$fpl$frleqf)
    __aeabi_frsub                            0x08009d7f   Thumb Code     0  faddsub_clz.o(x$fpl$frsb)
    _frsb                                    0x08009d7f   Thumb Code    20  faddsub_clz.o(x$fpl$frsb)
    __aeabi_fsub                             0x08009d95   Thumb Code     0  faddsub_clz.o(x$fpl$fsub)
    _fsub                                    0x08009d95   Thumb Code   234  faddsub_clz.o(x$fpl$fsub)
    _printf_fp_dec                           0x08009e7f   Thumb Code     4  printf1.o(x$fpl$printf1)
    __fpl_return_NaN                         0x08009e83   Thumb Code   100  retnan.o(x$fpl$retnan)
    __ARM_scalbn                             0x08009ee7   Thumb Code    92  scalbn.o(x$fpl$scalbn)
    __fpl_cmpreturn                          0x08009f43   Thumb Code    48  trapv.o(x$fpl$trapveneer)
    __I$use$fp                               0x08009f72   Number         0  usenofp.o(x$fpl$usenofp)
    asc2_1206                                0x08009f72   Data        1140  gui.o(.constdata)
    asc2_1608                                0x0800a3e6   Data        1520  gui.o(.constdata)
    tfont16                                  0x0800a9d6   Data        2108  gui.o(.constdata)
    tfont24                                  0x0800b212   Data         518  gui.o(.constdata)
    tfont32                                  0x0800b418   Data         650  gui.o(.constdata)
    tfont48                                  0x0800b6a2   Data        1160  gui.o(.constdata)
    tfont40_80                               0x0800bb2a   Data        1608  gui.o(.constdata)
    tfont64                                  0x0800c172   Data        2056  gui.o(.constdata)
    Region$$Table$$Base                      0x0800cb34   Number         0  anon$$obj.o(Region$$Table)
    Region$$Table$$Limit                     0x0800cb54   Number         0  anon$$obj.o(Region$$Table)
    __ctype                                  0x0800cb7d   Data           0  lc_ctype_c.o(locale$$data)
    flag_do_task                             0x20000000   Data           4  main.o(.data)
    HWT_ResCnt                               0x20000024   Data           1  main.o(.data)
    SystemCoreClock                          0x20000028   Data           4  system_stm32f10x.o(.data)
    AHBPrescTable                            0x2000002c   Data          16  system_stm32f10x.o(.data)
    POINT_COLOR                              0x2000003c   Data           2  lcd.o(.data)
    BACK_COLOR                               0x2000003e   Data           2  lcd.o(.data)
    DeviceCode                               0x20000040   Data           2  lcd.o(.data)
    Encoder_FL                               0x20000044   Data           2  motor_control.o(.data)
    Encoder_FR                               0x20000046   Data           2  motor_control.o(.data)
    Encoder_BL                               0x20000048   Data           2  motor_control.o(.data)
    Encoder_BR                               0x2000004a   Data           2  motor_control.o(.data)
    YAW                                      0x2000004c   Data           4  motor_control.o(.data)
    W_Z                                      0x20000050   Data           4  motor_control.o(.data)
    Servo_clip_duty                          0x20000058   Data           2  servo_control.o(.data)
    Servo_turntable_duty                     0x2000005a   Data           2  servo_control.o(.data)
    Servo_platform_duty                      0x2000005c   Data           2  servo_control.o(.data)
    uart1_Res                                0x20000060   Data           1  usart.o(.data)
    uart2_Res                                0x20000061   Data           1  usart.o(.data)
    uart3_Res                                0x20000062   Data           1  usart.o(.data)
    uart4_Res                                0x20000063   Data           1  usart.o(.data)
    uart5_Res                                0x20000064   Data           1  usart.o(.data)
    uart2_str_count                          0x20000065   Data           1  usart.o(.data)
    uart2_str_T_count                        0x20000066   Data           1  usart.o(.data)
    uart2_str_flag                           0x20000067   Data           1  usart.o(.data)
    QR_codeRxCnt                             0x20000068   Data           1  usart.o(.data)
    QR_codeRx_Date                           0x2000006c   Data           4  usart.o(.data)
    opemv_X                                  0x20000070   Data           4  usart.o(.data)
    opemv_Y                                  0x20000074   Data           4  usart.o(.data)
    OpenmvRxCnt                              0x20000078   Data           1  usart.o(.data)
    Openmv_flag                              0x20000079   Data           1  usart.o(.data)
    Openmv_track_start                       0x2000007a   Data           1  usart.o(.data)
    Timer7_count                             0x2000007c   Data           4  timer.o(.data)
    key1_status                              0x20000080   Data           1  button.o(.data)
    key2_status                              0x20000081   Data           1  button.o(.data)
    key3_status                              0x20000082   Data           1  button.o(.data)
    key4_status                              0x20000083   Data           1  button.o(.data)
    switch1_status                           0x20000084   Data           1  button.o(.data)
    switch2_status                           0x20000085   Data           1  button.o(.data)
    key1_last_status                         0x20000086   Data           1  button.o(.data)
    key2_last_status                         0x20000087   Data           1  button.o(.data)
    key3_last_status                         0x20000088   Data           1  button.o(.data)
    key4_last_status                         0x20000089   Data           1  button.o(.data)
    switch1_last_status                      0x2000008a   Data           1  button.o(.data)
    switch2_last_status                      0x2000008b   Data           1  button.o(.data)
    key1_flag                                0x2000008c   Data           1  button.o(.data)
    key2_flag                                0x2000008d   Data           1  button.o(.data)
    key3_flag                                0x2000008e   Data           1  button.o(.data)
    key4_flag                                0x2000008f   Data           1  button.o(.data)
    switch1_flag                             0x20000090   Data           1  button.o(.data)
    switch2_flag                             0x20000091   Data           1  button.o(.data)
    HWT_ResBuffer                            0x200000ac   Data          22  main.o(.bss)
    lcddev                                   0x200000c2   Data          14  lcd.o(.bss)
    my_car                                   0x200000d0   Data         576  motor_control.o(.bss)
    buffer_1                                 0x20000310   Data          20  motor_control.o(.bss)
    buffer_2                                 0x20000324   Data          20  motor_control.o(.bss)
    buffer_3                                 0x20000338   Data          20  motor_control.o(.bss)
    buffer_4                                 0x2000034c   Data          20  motor_control.o(.bss)
    uart2_str                                0x20000360   Data          12  usart.o(.bss)
    QR_codeBuffer                            0x2000036c   Data          20  usart.o(.bss)
    OpenmvBuffer                             0x20000380   Data          20  usart.o(.bss)
    motorFL_PID                              0x20000394   Data          48  pid.o(.bss)
    motorFR_PID                              0x200003c4   Data          48  pid.o(.bss)
    motorBL_PID                              0x200003f4   Data          48  pid.o(.bss)
    motorBR_PID                              0x20000424   Data          48  pid.o(.bss)
    __libspace_start                         0x20000454   Data          96  libspace.o(.bss)
    __temporary_stack_top$libspace           0x200004b4   Data           0  libspace.o(.bss)



==============================================================================

Memory Map of the image

  Image Entry point : 0x08000131

  Load Region LR_IROM1 (Base: 0x08000000, Size: 0x0000cd2c, Max: 0x00080000, ABSOLUTE)

    Execution Region ER_IROM1 (Exec base: 0x08000000, Load base: 0x08000000, Size: 0x0000cc80, Max: 0x00080000, ABSOLUTE)

    Exec Addr    Load Addr    Size         Type   Attr      Idx    E Section Name        Object

    0x08000000   0x08000000   0x00000130   Data   RO          474    RESET               startup_stm32f10x_hd.o
    0x08000130   0x08000130   0x00000008   Code   RO          817  * !!!main             c_w.l(__main.o)
    0x08000138   0x08000138   0x00000034   Code   RO         1179    !!!scatter          c_w.l(__scatter.o)
    0x0800016c   0x0800016c   0x0000001a   Code   RO         1181    !!handler_copy      c_w.l(__scatter_copy.o)
    0x08000186   0x08000186   0x00000002   PAD
    0x08000188   0x08000188   0x0000001c   Code   RO         1183    !!handler_zi        c_w.l(__scatter_zi.o)
    0x080001a4   0x080001a4   0x00000000   Code   RO          806    .ARM.Collect$$_printf_percent$$00000000  c_w.l(_printf_percent.o)
    0x080001a4   0x080001a4   0x00000006   Code   RO          805    .ARM.Collect$$_printf_percent$$00000003  c_w.l(_printf_f.o)
    0x080001aa   0x080001aa   0x00000006   Code   RO          804    .ARM.Collect$$_printf_percent$$00000009  c_w.l(_printf_d.o)
    0x080001b0   0x080001b0   0x00000006   Code   RO          803    .ARM.Collect$$_printf_percent$$00000013  c_w.l(_printf_c.o)
    0x080001b6   0x080001b6   0x00000004   Code   RO          899    .ARM.Collect$$_printf_percent$$00000017  c_w.l(_printf_percent_end.o)
    0x080001ba   0x080001ba   0x00000002   Code   RO         1044    .ARM.Collect$$libinit$$00000000  c_w.l(libinit.o)
    0x080001bc   0x080001bc   0x00000000   Code   RO         1046    .ARM.Collect$$libinit$$00000002  c_w.l(libinit2.o)
    0x080001bc   0x080001bc   0x00000000   Code   RO         1048    .ARM.Collect$$libinit$$00000004  c_w.l(libinit2.o)
    0x080001bc   0x080001bc   0x00000000   Code   RO         1051    .ARM.Collect$$libinit$$0000000A  c_w.l(libinit2.o)
    0x080001bc   0x080001bc   0x00000000   Code   RO         1053    .ARM.Collect$$libinit$$0000000C  c_w.l(libinit2.o)
    0x080001bc   0x080001bc   0x00000000   Code   RO         1055    .ARM.Collect$$libinit$$0000000E  c_w.l(libinit2.o)
    0x080001bc   0x080001bc   0x00000006   Code   RO         1056    .ARM.Collect$$libinit$$0000000F  c_w.l(libinit2.o)
    0x080001c2   0x080001c2   0x00000000   Code   RO         1058    .ARM.Collect$$libinit$$00000011  c_w.l(libinit2.o)
    0x080001c2   0x080001c2   0x0000000c   Code   RO         1059    .ARM.Collect$$libinit$$00000012  c_w.l(libinit2.o)
    0x080001ce   0x080001ce   0x00000000   Code   RO         1060    .ARM.Collect$$libinit$$00000013  c_w.l(libinit2.o)
    0x080001ce   0x080001ce   0x00000000   Code   RO         1062    .ARM.Collect$$libinit$$00000015  c_w.l(libinit2.o)
    0x080001ce   0x080001ce   0x0000000a   Code   RO         1063    .ARM.Collect$$libinit$$00000016  c_w.l(libinit2.o)
    0x080001d8   0x080001d8   0x00000000   Code   RO         1064    .ARM.Collect$$libinit$$00000017  c_w.l(libinit2.o)
    0x080001d8   0x080001d8   0x00000000   Code   RO         1066    .ARM.Collect$$libinit$$00000019  c_w.l(libinit2.o)
    0x080001d8   0x080001d8   0x00000000   Code   RO         1068    .ARM.Collect$$libinit$$0000001B  c_w.l(libinit2.o)
    0x080001d8   0x080001d8   0x00000000   Code   RO         1070    .ARM.Collect$$libinit$$0000001D  c_w.l(libinit2.o)
    0x080001d8   0x080001d8   0x00000000   Code   RO         1072    .ARM.Collect$$libinit$$0000001F  c_w.l(libinit2.o)
    0x080001d8   0x080001d8   0x00000000   Code   RO         1074    .ARM.Collect$$libinit$$00000021  c_w.l(libinit2.o)
    0x080001d8   0x080001d8   0x00000000   Code   RO         1076    .ARM.Collect$$libinit$$00000023  c_w.l(libinit2.o)
    0x080001d8   0x080001d8   0x00000000   Code   RO         1078    .ARM.Collect$$libinit$$00000025  c_w.l(libinit2.o)
    0x080001d8   0x080001d8   0x00000000   Code   RO         1082    .ARM.Collect$$libinit$$0000002C  c_w.l(libinit2.o)
    0x080001d8   0x080001d8   0x00000000   Code   RO         1084    .ARM.Collect$$libinit$$0000002E  c_w.l(libinit2.o)
    0x080001d8   0x080001d8   0x00000000   Code   RO         1086    .ARM.Collect$$libinit$$00000030  c_w.l(libinit2.o)
    0x080001d8   0x080001d8   0x00000000   Code   RO         1088    .ARM.Collect$$libinit$$00000032  c_w.l(libinit2.o)
    0x080001d8   0x080001d8   0x00000002   Code   RO         1089    .ARM.Collect$$libinit$$00000033  c_w.l(libinit2.o)
    0x080001da   0x080001da   0x00000002   Code   RO         1125    .ARM.Collect$$libshutdown$$00000000  c_w.l(libshutdown.o)
    0x080001dc   0x080001dc   0x00000000   Code   RO         1136    .ARM.Collect$$libshutdown$$00000002  c_w.l(libshutdown2.o)
    0x080001dc   0x080001dc   0x00000000   Code   RO         1138    .ARM.Collect$$libshutdown$$00000004  c_w.l(libshutdown2.o)
    0x080001dc   0x080001dc   0x00000000   Code   RO         1140    .ARM.Collect$$libshutdown$$00000006  c_w.l(libshutdown2.o)
    0x080001dc   0x080001dc   0x00000000   Code   RO         1143    .ARM.Collect$$libshutdown$$00000009  c_w.l(libshutdown2.o)
    0x080001dc   0x080001dc   0x00000000   Code   RO         1146    .ARM.Collect$$libshutdown$$0000000C  c_w.l(libshutdown2.o)
    0x080001dc   0x080001dc   0x00000000   Code   RO         1148    .ARM.Collect$$libshutdown$$0000000E  c_w.l(libshutdown2.o)
    0x080001dc   0x080001dc   0x00000000   Code   RO         1151    .ARM.Collect$$libshutdown$$00000011  c_w.l(libshutdown2.o)
    0x080001dc   0x080001dc   0x00000002   Code   RO         1152    .ARM.Collect$$libshutdown$$00000012  c_w.l(libshutdown2.o)
    0x080001de   0x080001de   0x00000000   Code   RO          881    .ARM.Collect$$rtentry$$00000000  c_w.l(__rtentry.o)
    0x080001de   0x080001de   0x00000000   Code   RO          949    .ARM.Collect$$rtentry$$00000002  c_w.l(__rtentry2.o)
    0x080001de   0x080001de   0x00000006   Code   RO          961    .ARM.Collect$$rtentry$$00000004  c_w.l(__rtentry4.o)
    0x080001e4   0x080001e4   0x00000000   Code   RO          951    .ARM.Collect$$rtentry$$00000009  c_w.l(__rtentry2.o)
    0x080001e4   0x080001e4   0x00000004   Code   RO          952    .ARM.Collect$$rtentry$$0000000A  c_w.l(__rtentry2.o)
    0x080001e8   0x080001e8   0x00000000   Code   RO          954    .ARM.Collect$$rtentry$$0000000C  c_w.l(__rtentry2.o)
    0x080001e8   0x080001e8   0x00000008   Code   RO          955    .ARM.Collect$$rtentry$$0000000D  c_w.l(__rtentry2.o)
    0x080001f0   0x080001f0   0x00000002   Code   RO         1092    .ARM.Collect$$rtexit$$00000000  c_w.l(rtexit.o)
    0x080001f2   0x080001f2   0x00000000   Code   RO         1101    .ARM.Collect$$rtexit$$00000002  c_w.l(rtexit2.o)
    0x080001f2   0x080001f2   0x00000004   Code   RO         1102    .ARM.Collect$$rtexit$$00000003  c_w.l(rtexit2.o)
    0x080001f6   0x080001f6   0x00000006   Code   RO         1103    .ARM.Collect$$rtexit$$00000004  c_w.l(rtexit2.o)
    0x080001fc   0x080001fc   0x00001970   Code   RO            1    .text               main.o
    0x08001b6c   0x08001b6c   0x0000001a   Code   RO          178    .text               stm32f10x_it.o
    0x08001b86   0x08001b86   0x00000002   PAD
    0x08001b88   0x08001b88   0x000001e0   Code   RO          193    .text               system_stm32f10x.o
    0x08001d68   0x08001d68   0x000002d4   Code   RO          211    .text               encoder.o
    0x0800203c   0x0800203c   0x00000f84   Code   RO          223    .text               gui.o
    0x08002fc0   0x08002fc0   0x0000048a   Code   RO          251    .text               lcd.o
    0x0800344a   0x0800344a   0x00000002   PAD
    0x0800344c   0x0800344c   0x00001034   Code   RO          273    .text               motor_control.o
    0x08004480   0x08004480   0x00000160   Code   RO          292    .text               servo_control.o
    0x080045e0   0x080045e0   0x000000e4   Code   RO          310    .text               spi.o
    0x080046c4   0x080046c4   0x00000388   Code   RO          345    .text               usart.o
    0x08004a4c   0x08004a4c   0x000000fc   Code   RO          364    .text               timer.o
    0x08004b48   0x08004b48   0x00000064   Code   RO          382    .text               led.o
    0x08004bac   0x08004bac   0x000001d0   Code   RO          394    .text               pid.o
    0x08004d7c   0x08004d7c   0x00000476   Code   RO          412    .text               emm_v5.o
    0x080051f2   0x080051f2   0x00000002   PAD
    0x080051f4   0x080051f4   0x0000012c   Code   RO          424    .text               button.o
    0x08005320   0x08005320   0x00000040   Code   RO          475    .text               startup_stm32f10x_hd.o
    0x08005360   0x08005360   0x000000dc   Code   RO          479    .text               misc.o
    0x0800543c   0x0800543c   0x0000035c   Code   RO          491    .text               stm32f10x_gpio.o
    0x08005798   0x08005798   0x000003a4   Code   RO          503    .text               stm32f10x_rcc.o
    0x08005b3c   0x08005b3c   0x0000030c   Code   RO          517    .text               stm32f10x_spi.o
    0x08005e48   0x08005e48   0x00000e1a   Code   RO          721    .text               stm32f10x_tim.o
    0x08006c62   0x08006c62   0x00000002   PAD
    0x08006c64   0x08006c64   0x00000408   Code   RO          733    .text               stm32f10x_usart.o
    0x0800706c   0x0800706c   0x000000d4   Code   RO          757    .text               delay.o
    0x08007140   0x08007140   0x00000028   Code   RO          775    .text               c_w.l(noretval__2sprintf.o)
    0x08007168   0x08007168   0x00000052   Code   RO          779    .text               c_w.l(_printf_str.o)
    0x080071ba   0x080071ba   0x00000002   PAD
    0x080071bc   0x080071bc   0x00000078   Code   RO          781    .text               c_w.l(_printf_dec.o)
    0x08007234   0x08007234   0x0000010e   Code   RO          791    .text               c_w.l(__printf_wp.o)
    0x08007342   0x08007342   0x0000001a   Code   RO          807    .text               c_w.l(atoi.o)
    0x0800735c   0x0800735c   0x0000003e   Code   RO          809    .text               c_w.l(strlen.o)
    0x0800739a   0x0800739a   0x00000010   Code   RO          811    .text               c_w.l(aeabi_memset.o)
    0x080073aa   0x080073aa   0x0000004e   Code   RO          813    .text               c_w.l(rt_memclr_w.o)
    0x080073f8   0x080073f8   0x00000006   Code   RO          815    .text               c_w.l(heapauxi.o)
    0x080073fe   0x080073fe   0x00000002   PAD
    0x08007400   0x08007400   0x00000008   Code   RO          885    .text               c_w.l(rt_errno_addr_intlibspace.o)
    0x08007408   0x08007408   0x00000016   Code   RO          887    .text               c_w.l(_rserrno.o)
    0x0800741e   0x0800741e   0x000000b2   Code   RO          889    .text               c_w.l(_printf_intcommon.o)
    0x080074d0   0x080074d0   0x0000041e   Code   RO          891    .text               c_w.l(_printf_fp_dec.o)
    0x080078ee   0x080078ee   0x00000002   PAD
    0x080078f0   0x080078f0   0x00000030   Code   RO          893    .text               c_w.l(_printf_char_common.o)
    0x08007920   0x08007920   0x0000000a   Code   RO          895    .text               c_w.l(_sputc.o)
    0x0800792a   0x0800792a   0x0000002c   Code   RO          897    .text               c_w.l(_printf_char.o)
    0x08007956   0x08007956   0x00000070   Code   RO          900    .text               c_w.l(strtol.o)
    0x080079c6   0x080079c6   0x00000044   Code   RO          902    .text               c_w.l(rt_memclr.o)
    0x08007a0a   0x08007a0a   0x00000002   PAD
    0x08007a0c   0x08007a0c   0x00000008   Code   RO          945    .text               c_w.l(libspace.o)
    0x08007a14   0x08007a14   0x00000010   Code   RO          963    .text               c_w.l(rt_ctype_table.o)
    0x08007a24   0x08007a24   0x00000008   Code   RO          968    .text               c_w.l(rt_locale_intlibspace.o)
    0x08007a2c   0x08007a2c   0x0000008a   Code   RO          970    .text               c_w.l(lludiv10.o)
    0x08007ab6   0x08007ab6   0x00000002   PAD
    0x08007ab8   0x08007ab8   0x00000080   Code   RO          972    .text               c_w.l(_printf_fp_infnan.o)
    0x08007b38   0x08007b38   0x0000009e   Code   RO          976    .text               c_w.l(_strtoul.o)
    0x08007bd6   0x08007bd6   0x00000002   PAD
    0x08007bd8   0x08007bd8   0x000000e4   Code   RO          978    .text               c_w.l(bigflt0.o)
    0x08007cbc   0x08007cbc   0x0000004a   Code   RO         1028    .text               c_w.l(sys_stackheap_outer.o)
    0x08007d06   0x08007d06   0x0000001c   Code   RO         1030    .text               c_w.l(_chval.o)
    0x08007d22   0x08007d22   0x00000012   Code   RO         1035    .text               c_w.l(exit.o)
    0x08007d34   0x08007d34   0x00000080   Code   RO         1037    .text               c_w.l(strcmpv7m.o)
    0x08007db4   0x08007db4   0x0000000c   Code   RO         1115    .text               c_w.l(sys_exit.o)
    0x08007dc0   0x08007dc0   0x00000002   Code   RO         1126    .text               c_w.l(use_no_semi.o)
    0x08007dc2   0x08007dc2   0x00000000   Code   RO         1128    .text               c_w.l(indicate_semi.o)
    0x08007dc2   0x08007dc2   0x0000003e   Code   RO          981    CL$$btod_d2e        c_w.l(btod.o)
    0x08007e00   0x08007e00   0x00000046   Code   RO          983    CL$$btod_d2e_denorm_low  c_w.l(btod.o)
    0x08007e46   0x08007e46   0x00000060   Code   RO          982    CL$$btod_d2e_norm_op1  c_w.l(btod.o)
    0x08007ea6   0x08007ea6   0x00000338   Code   RO          991    CL$$btod_div_common  c_w.l(btod.o)
    0x080081de   0x080081de   0x000000dc   Code   RO          988    CL$$btod_e2e        c_w.l(btod.o)
    0x080082ba   0x080082ba   0x0000002a   Code   RO          985    CL$$btod_ediv       c_w.l(btod.o)
    0x080082e4   0x080082e4   0x0000002a   Code   RO          984    CL$$btod_emul       c_w.l(btod.o)
    0x0800830e   0x0800830e   0x00000244   Code   RO          990    CL$$btod_mult_common  c_w.l(btod.o)
    0x08008552   0x08008552   0x00000028   Code   RO         1024    i.__ARM_fpclassify  m_ws.l(fpclassify.o)
    0x0800857a   0x0800857a   0x00000002   PAD
    0x0800857c   0x0800857c   0x00000388   Code   RO          934    i.__ieee754_rem_pio2  m_ws.l(rred.o)
    0x08008904   0x08008904   0x000000fc   Code   RO          917    i.__kernel_cos      m_ws.l(cos_i.o)
    0x08008a00   0x08008a00   0x000000aa   Code   RO         1026    i.__kernel_poly     m_ws.l(poly.o)
    0x08008aaa   0x08008aaa   0x00000002   PAD
    0x08008aac   0x08008aac   0x000000ec   Code   RO          939    i.__kernel_sin      m_ws.l(sin_i.o)
    0x08008b98   0x08008b98   0x00000006   Code   RO          921    i.__mathlib_dbl_infnan  m_ws.l(dunder.o)
    0x08008b9e   0x08008b9e   0x0000000c   Code   RO          923    i.__mathlib_dbl_invalid  m_ws.l(dunder.o)
    0x08008baa   0x08008baa   0x00000002   PAD
    0x08008bac   0x08008bac   0x00000010   Code   RO          926    i.__mathlib_dbl_underflow  m_ws.l(dunder.o)
    0x08008bbc   0x08008bbc   0x0000000e   Code   RO          793    i._is_digit         c_w.l(__printf_wp.o)
    0x08008bca   0x08008bca   0x00000002   PAD
    0x08008bcc   0x08008bcc   0x0000009c   Code   RO          866    i.cos               m_ws.l(cos.o)
    0x08008c68   0x08008c68   0x000000a0   Code   RO          874    i.sin               m_ws.l(sin.o)
    0x08008d08   0x08008d08   0x0000002c   Code   RO         1004    locale$$code        c_w.l(lc_numeric_c.o)
    0x08008d34   0x08008d34   0x0000002c   Code   RO         1033    locale$$code        c_w.l(lc_ctype_c.o)
    0x08008d60   0x08008d60   0x00000062   Code   RO          819    x$fpl$d2f           fz_ws.l(d2f.o)
    0x08008dc2   0x08008dc2   0x00000002   PAD
    0x08008dc4   0x08008dc4   0x00000150   Code   RO          821    x$fpl$dadd          fz_ws.l(daddsub_clz.o)
    0x08008f14   0x08008f14   0x00000010   Code   RO         1090    x$fpl$dcheck1       fz_ws.l(dcheck1.o)
    0x08008f24   0x08008f24   0x00000018   Code   RO          904    x$fpl$dcmpinf       fz_ws.l(dcmpi.o)
    0x08008f3c   0x08008f3c   0x000002b0   Code   RO         1007    x$fpl$ddiv          fz_ws.l(ddiv.o)
    0x080091ec   0x080091ec   0x0000005e   Code   RO         1010    x$fpl$dfix          fz_ws.l(dfix.o)
    0x0800924a   0x0800924a   0x0000002e   Code   RO         1015    x$fpl$dflt          fz_ws.l(dflt_clz.o)
    0x08009278   0x08009278   0x00000026   Code   RO         1014    x$fpl$dfltu         fz_ws.l(dflt_clz.o)
    0x0800929e   0x0800929e   0x00000002   PAD
    0x080092a0   0x080092a0   0x00000078   Code   RO          827    x$fpl$dleqf         fz_ws.l(dleqf.o)
    0x08009318   0x08009318   0x00000154   Code   RO          829    x$fpl$dmul          fz_ws.l(dmul.o)
    0x0800946c   0x0800946c   0x0000009c   Code   RO          906    x$fpl$dnaninf       fz_ws.l(dnaninf.o)
    0x08009508   0x08009508   0x0000000c   Code   RO          908    x$fpl$dretinf       fz_ws.l(dretinf.o)
    0x08009514   0x08009514   0x0000006c   Code   RO          831    x$fpl$drleqf        fz_ws.l(drleqf.o)
    0x08009580   0x08009580   0x00000016   Code   RO          822    x$fpl$drsb          fz_ws.l(daddsub_clz.o)
    0x08009596   0x08009596   0x00000002   PAD
    0x08009598   0x08009598   0x000001d4   Code   RO          823    x$fpl$dsub          fz_ws.l(daddsub_clz.o)
    0x0800976c   0x0800976c   0x00000056   Code   RO          833    x$fpl$f2d           fz_ws.l(f2d.o)
    0x080097c2   0x080097c2   0x00000002   PAD
    0x080097c4   0x080097c4   0x000000c4   Code   RO          835    x$fpl$fadd          fz_ws.l(faddsub_clz.o)
    0x08009888   0x08009888   0x00000018   Code   RO          910    x$fpl$fcmpinf       fz_ws.l(fcmpi.o)
    0x080098a0   0x080098a0   0x00000184   Code   RO          842    x$fpl$fdiv          fz_ws.l(fdiv.o)
    0x08009a24   0x08009a24   0x00000068   Code   RO          845    x$fpl$feqf          fz_ws.l(feqf.o)
    0x08009a8c   0x08009a8c   0x00000036   Code   RO          847    x$fpl$ffix          fz_ws.l(ffix.o)
    0x08009ac2   0x08009ac2   0x00000002   PAD
    0x08009ac4   0x08009ac4   0x00000030   Code   RO          852    x$fpl$fflt          fz_ws.l(fflt_clz.o)
    0x08009af4   0x08009af4   0x00000026   Code   RO          851    x$fpl$ffltu         fz_ws.l(fflt_clz.o)
    0x08009b1a   0x08009b1a   0x00000002   PAD
    0x08009b1c   0x08009b1c   0x00000068   Code   RO          857    x$fpl$fleqf         fz_ws.l(fleqf.o)
    0x08009b84   0x08009b84   0x00000102   Code   RO          859    x$fpl$fmul          fz_ws.l(fmul.o)
    0x08009c86   0x08009c86   0x0000008c   Code   RO          912    x$fpl$fnaninf       fz_ws.l(fnaninf.o)
    0x08009d12   0x08009d12   0x0000000a   Code   RO          914    x$fpl$fretinf       fz_ws.l(fretinf.o)
    0x08009d1c   0x08009d1c   0x00000062   Code   RO          861    x$fpl$frleqf        fz_ws.l(frleqf.o)
    0x08009d7e   0x08009d7e   0x00000014   Code   RO          836    x$fpl$frsb          fz_ws.l(faddsub_clz.o)
    0x08009d92   0x08009d92   0x00000002   PAD
    0x08009d94   0x08009d94   0x000000ea   Code   RO          837    x$fpl$fsub          fz_ws.l(faddsub_clz.o)
    0x08009e7e   0x08009e7e   0x00000004   Code   RO          863    x$fpl$printf1       fz_ws.l(printf1.o)
    0x08009e82   0x08009e82   0x00000064   Code   RO         1098    x$fpl$retnan        fz_ws.l(retnan.o)
    0x08009ee6   0x08009ee6   0x0000005c   Code   RO         1022    x$fpl$scalbn        fz_ws.l(scalbn.o)
    0x08009f42   0x08009f42   0x00000030   Code   RO         1111    x$fpl$trapveneer    fz_ws.l(trapv.o)
    0x08009f72   0x08009f72   0x00000000   Code   RO          916    x$fpl$usenofp       fz_ws.l(usenofp.o)
    0x08009f72   0x08009f72   0x00002a08   Data   RO          224    .constdata          gui.o
    0x0800c97a   0x0800c97a   0x00000006   PAD
    0x0800c980   0x0800c980   0x00000030   Data   RO          918    .constdata          m_ws.l(cos_i.o)
    0x0800c9b0   0x0800c9b0   0x000000c8   Data   RO          936    .constdata          m_ws.l(rred.o)
    0x0800ca78   0x0800ca78   0x00000028   Data   RO          940    .constdata          m_ws.l(sin_i.o)
    0x0800caa0   0x0800caa0   0x00000094   Data   RO          979    .constdata          c_w.l(bigflt0.o)
    0x0800cb34   0x0800cb34   0x00000020   Data   RO         1177    Region$$Table       anon$$obj.o
    0x0800cb54   0x0800cb54   0x0000001c   Data   RO         1003    locale$$data        c_w.l(lc_numeric_c.o)
    0x0800cb70   0x0800cb70   0x00000110   Data   RO         1032    locale$$data        c_w.l(lc_ctype_c.o)


    Execution Region RW_IRAM1 (Exec base: 0x20000000, Load base: 0x0800cc80, Size: 0x00000ab8, Max: 0x00010000, ABSOLUTE)

    Exec Addr    Load Addr    Size         Type   Attr      Idx    E Section Name        Object

    0x20000000   0x0800cc80   0x00000025   Data   RW            3    .data               main.o
    0x20000025   0x0800cca5   0x00000003   PAD
    0x20000028   0x0800cca8   0x00000014   Data   RW          194    .data               system_stm32f10x.o
    0x2000003c   0x0800ccbc   0x00000006   Data   RW          253    .data               lcd.o
    0x20000042   0x0800ccc2   0x00000002   PAD
    0x20000044   0x0800ccc4   0x00000014   Data   RW          275    .data               motor_control.o
    0x20000058   0x0800ccd8   0x00000006   Data   RW          293    .data               servo_control.o
    0x2000005e   0x0800ccde   0x00000002   PAD
    0x20000060   0x0800cce0   0x0000001b   Data   RW          347    .data               usart.o
    0x2000007b   0x0800ccfb   0x00000001   PAD
    0x2000007c   0x0800ccfc   0x00000004   Data   RW          365    .data               timer.o
    0x20000080   0x0800cd00   0x00000012   Data   RW          425    .data               button.o
    0x20000092   0x0800cd12   0x00000014   Data   RW          504    .data               stm32f10x_rcc.o
    0x200000a6   0x0800cd26   0x00000004   Data   RW          758    .data               delay.o
    0x200000aa   0x0800cd2a   0x00000002   PAD
    0x200000ac        -       0x00000016   Zero   RW            2    .bss                main.o
    0x200000c2        -       0x0000000e   Zero   RW          252    .bss                lcd.o
    0x200000d0        -       0x00000290   Zero   RW          274    .bss                motor_control.o
    0x20000360        -       0x00000034   Zero   RW          346    .bss                usart.o
    0x20000394        -       0x000000c0   Zero   RW          395    .bss                pid.o
    0x20000454        -       0x00000060   Zero   RW          946    .bss                c_w.l(libspace.o)
    0x200004b4   0x0800cd2a   0x00000004   PAD
    0x200004b8        -       0x00000200   Zero   RW          473    HEAP                startup_stm32f10x_hd.o
    0x200006b8        -       0x00000400   Zero   RW          472    STACK               startup_stm32f10x_hd.o


==============================================================================

Image component sizes


      Code (inc. data)   RO Data    RW Data    ZI Data      Debug   Object Name

       300         60          0         18          0       1820   button.o
         0          0          0          0          0         32   core_cm3.o
       212         18          0          4          0       1111   delay.o
      1142         18          0          0          0       5938   emm_v5.o
       724         30          0          0          0       1213   encoder.o
      3972         76      10760          0          0      13880   gui.o
      1162         18          0          6         14       4997   lcd.o
       100         10          0          0          0        527   led.o
      6512        860          0         37         22     266779   main.o
       220         22          0          0          0       1873   misc.o
      4148        232          0         20        656       8399   motor_control.o
       464         16          0          0        192       2900   pid.o
       352          8          0          6          0       2012   servo_control.o
       228          8          0          0          0       1403   spi.o
        64         26        304          0       1536        828   startup_stm32f10x_hd.o
       860         38          0          0          0       5805   stm32f10x_gpio.o
        26          0          0          0          0       1230   stm32f10x_it.o
       932         36          0         20          0       9016   stm32f10x_rcc.o
       780         14          0          0          0       6686   stm32f10x_spi.o
      3610         88          0          0          0      22912   stm32f10x_tim.o
      1032         22          0          0          0       8528   stm32f10x_usart.o
       480         38          0         20          0       1895   system_stm32f10x.o
       252          8          0          4          0       1105   timer.o
       904         36          0         27         52       4114   usart.o

    ----------------------------------------------------------------------
     28484       1682      11102        172       2472     375003   Object Totals
         0          0         32          0          0          0   (incl. Generated)
         8          0          6         10          0          0   (incl. Padding)

    ----------------------------------------------------------------------

      Code (inc. data)   RO Data    RW Data    ZI Data      Debug   Library Member Name

         8          0          0          0          0         68   __main.o
       284          0          0          0          0        156   __printf_wp.o
         0          0          0          0          0          0   __rtentry.o
        12          0          0          0          0          0   __rtentry2.o
         6          0          0          0          0          0   __rtentry4.o
        52          8          0          0          0          0   __scatter.o
        26          0          0          0          0          0   __scatter_copy.o
        28          0          0          0          0          0   __scatter_zi.o
        28          0          0          0          0         68   _chval.o
         6          0          0          0          0          0   _printf_c.o
        44          0          0          0          0        108   _printf_char.o
        48          6          0          0          0         96   _printf_char_common.o
         6          0          0          0          0          0   _printf_d.o
       120         16          0          0          0         92   _printf_dec.o
         6          0          0          0          0          0   _printf_f.o
      1054          0          0          0          0        216   _printf_fp_dec.o
       128         16          0          0          0         84   _printf_fp_infnan.o
       178          0          0          0          0         88   _printf_intcommon.o
         0          0          0          0          0          0   _printf_percent.o
         4          0          0          0          0          0   _printf_percent_end.o
        82          0          0          0          0         80   _printf_str.o
        22          0          0          0          0        100   _rserrno.o
        10          0          0          0          0         68   _sputc.o
       158          0          0          0          0         92   _strtoul.o
        16          0          0          0          0         68   aeabi_memset.o
        26          0          0          0          0         80   atoi.o
       228          4        148          0          0         96   bigflt0.o
      1936        128          0          0          0        672   btod.o
        18          0          0          0          0         80   exit.o
         6          0          0          0          0        152   heapauxi.o
         0          0          0          0          0          0   indicate_semi.o
        44         10        272          0          0         76   lc_ctype_c.o
        44         10         28          0          0         76   lc_numeric_c.o
         2          0          0          0          0          0   libinit.o
        30          0          0          0          0          0   libinit2.o
         2          0          0          0          0          0   libshutdown.o
         2          0          0          0          0          0   libshutdown2.o
         8          4          0          0         96         68   libspace.o
       138          0          0          0          0         80   lludiv10.o
        40          6          0          0          0         84   noretval__2sprintf.o
        16          4          0          0          0         76   rt_ctype_table.o
         8          4          0          0          0         68   rt_errno_addr_intlibspace.o
         8          4          0          0          0         68   rt_locale_intlibspace.o
        68          0          0          0          0         68   rt_memclr.o
        78          0          0          0          0         80   rt_memclr_w.o
         2          0          0          0          0          0   rtexit.o
        10          0          0          0          0          0   rtexit2.o
       128          0          0          0          0         68   strcmpv7m.o
        62          0          0          0          0         76   strlen.o
       112          0          0          0          0         88   strtol.o
        12          4          0          0          0         68   sys_exit.o
        74          0          0          0          0         80   sys_stackheap_outer.o
         2          0          0          0          0         68   use_no_semi.o
        98          4          0          0          0         92   d2f.o
       826         16          0          0          0        348   daddsub_clz.o
        16          4          0          0          0         68   dcheck1.o
        24          0          0          0          0         68   dcmpi.o
       688        140          0          0          0        208   ddiv.o
        94          4          0          0          0         92   dfix.o
        84          0          0          0          0        136   dflt_clz.o
       120          4          0          0          0         92   dleqf.o
       340         12          0          0          0        104   dmul.o
       156          4          0          0          0         92   dnaninf.o
        12          0          0          0          0         68   dretinf.o
       108          0          0          0          0         80   drleqf.o
        86          4          0          0          0         84   f2d.o
       450          8          0          0          0        236   faddsub_clz.o
        24          0          0          0          0         68   fcmpi.o
       388         76          0          0          0         96   fdiv.o
       104          4          0          0          0         84   feqf.o
        54          4          0          0          0         84   ffix.o
        86          0          0          0          0        136   fflt_clz.o
       104          4          0          0          0         84   fleqf.o
       258          4          0          0          0         84   fmul.o
       140          4          0          0          0         84   fnaninf.o
        10          0          0          0          0         68   fretinf.o
        98          0          0          0          0         68   frleqf.o
         4          0          0          0          0         68   printf1.o
       100          0          0          0          0         68   retnan.o
        92          0          0          0          0         68   scalbn.o
        48          0          0          0          0         68   trapv.o
         0          0          0          0          0          0   usenofp.o
       156          8          0          0          0        104   cos.o
       252         22         48          0          0        124   cos_i.o
        34          6          0          0          0        204   dunder.o
        40          0          0          0          0         68   fpclassify.o
       170          0          0          0          0         96   poly.o
       904         76        200          0          0        140   rred.o
       160         10          0          0          0        108   sin.o
       236         12         40          0          0        128   sin_i.o

    ----------------------------------------------------------------------
     12030        654        736          0        100       7524   Library Totals
        36          0          0          0          4          0   (incl. Padding)

    ----------------------------------------------------------------------

      Code (inc. data)   RO Data    RW Data    ZI Data      Debug   Library Name

      5430        224        448          0         96       3656   c_w.l
      4612        296          0          0          0       2896   fz_ws.l
      1952        134        288          0          0        972   m_ws.l

    ----------------------------------------------------------------------
     12030        654        736          0        100       7524   Library Totals

    ----------------------------------------------------------------------

==============================================================================


      Code (inc. data)   RO Data    RW Data    ZI Data      Debug   

     40514       2336      11838        172       2572     376491   Grand Totals
     40514       2336      11838        172       2572     376491   ELF Image Totals
     40514       2336      11838        172          0          0   ROM Totals

==============================================================================

    Total RO  Size (Code + RO Data)                52352 (  51.13kB)
    Total RW  Size (RW Data + ZI Data)              2744 (   2.68kB)
    Total ROM Size (Code + RO Data + RW Data)      52524 (  51.29kB)

==============================================================================

