<html>
<body>
<pre>
<h1>µVision Build Log</h1>
<h2>Tool Versions:</h2>
IDE-Version: ¦ÌVision V5.33.0.0
Copyright (C) 2020 ARM Ltd and ARM Germany GmbH. All rights reserved.
License Information: benny xie, damn, LIC=SDA0P-MAF9V-HL0CL-0ULHG-68JHI-1DF5L
 
Tool Versions:
Toolchain:       MDK-ARM Plus  Version: 5.33.0.0
Toolchain Path:  C:\Keil_v5\ARM\ARMCC\Bin
C Compiler:      Armcc.exe V5.06 update 7 (build 960)
Assembler:       Armasm.exe V5.06 update 7 (build 960)
Linker/Locator:  ArmLink.exe V5.06 update 7 (build 960)
Library Manager: ArmAr.exe V5.06 update 7 (build 960)
Hex Converter:   FromElf.exe V5.06 update 7 (build 960)
CPU DLL:         SARMCM3.DLL V5.33.0.0
Dialog DLL:      DARMSTM.DLL V1.68.0.0
Target DLL:      STLink\ST-LINKIII-KEIL_SWO.dll V3.0.8.0
Dialog DLL:      TARMSTM.DLL V1.66.0.0
 
<h2>Project:</h2>
C:\Users\29408\Desktop\Demo_STM32F103ZET6_Hardware_SPI\PROJECT\TOUCH.uvprojx
Project File Date:  06/09/2026

<h2>Output:</h2>
*** Using Compiler 'V5.06 update 7 (build 960)', folder: 'C:\Keil_v5\ARM\ARMCC\Bin'
Rebuild target 'QD-TFT'
compiling main.c...
..\USER\main.c(69): warning:  #177-D: variable "turntable_mid"  was declared but never referenced
  	uint16_t turntable_mid = (uint16_t)((turntable_min + turntable_max) / 2);
..\USER\main.c: 1 warning, 0 errors
compiling stm32f10x_it.c...
compiling system_stm32f10x.c...
compiling GUI.c...
compiling Timer.c...
compiling PID.c...
compiling misc.c...
compiling stm32f10x_dbgmcu.c...
compiling Motor_control.c...
compiling Servo_control.c...
compiling stm32f10x_can.c...
compiling usart.c...
compiling stm32f10x_exti.c...
assembling startup_stm32f10x_hd.s...
compiling stm32f10x_bkp.c...
compiling SPI.c...
compiling stm32f10x_dma.c...
compiling stm32f10x_spi.c...
compiling Encoder.c...
compiling Emm_V5.c...
compiling lcd.c...
compiling Button.c...
compiling stm32f10x_gpio.c...
compiling stm32f10x_crc.c...
compiling stm32f10x_cec.c...
compiling core_cm3.c...
compiling stm32f10x_dac.c...
compiling stm32f10x_adc.c...
compiling stm32f10x_rcc.c...
compiling stm32f10x_flash.c...
compiling fifo.c...
compiling stm32f10x_fsmc.c...
compiling led.c...
compiling stm32f10x_i2c.c...
compiling stm32f10x_iwdg.c...
compiling stm32f10x_rtc.c...
compiling stm32f10x_pwr.c...
compiling stm32f10x_sdio.c...
compiling stm32f10x_tim.c...
compiling stm32f10x_usart.c...
compiling stm32f10x_wwdg.c...
compiling delay.c...
linking...
Program Size: Code=39442 RO-data=11566 RW-data=168 ZI-data=2576  
FromELF: creating hex file...
"..\OBJ\TOUCH.axf" - 0 Error(s), 1 Warning(s).

<h2>Software Packages used:</h2>

Package Vendor: ARM
                http://www.keil.com/pack/ARM.CMSIS.5.7.0.pack
                ARM.CMSIS.5.7.0
                CMSIS (Cortex Microcontroller Software Interface Standard)
   * Component: CORE Version: 5.4.0

Package Vendor: Keil
                https://www.keil.com/pack/Keil.STM32F1xx_DFP.2.4.1.pack
                Keil.STM32F1xx_DFP.2.4.1
                STMicroelectronics STM32F1 Series Device Support, Drivers and Examples
   * Component: Startup Version: 1.0.0

<h2>Collection of Component include folders:</h2>
  .\RTE\_QD-TFT
  C:\Users\29408\AppData\Local\Arm\Packs\ARM\CMSIS\5.7.0\CMSIS\Core\Include
  C:\Users\29408\AppData\Local\Arm\Packs\Keil\STM32F1xx_DFP\2.4.1\Device\Include

<h2>Collection of Component Files used:</h2>

   * Component: ARM::CMSIS:CORE:5.4.0

   * Component: Keil::Device:Startup:1.0.0
      Source file:   Device\Source\system_stm32f10x.c
      Include file:  RTE_Driver\Config\RTE_Device.h
      Source file:   Device\Source\ARM\startup_stm32f10x_hd.s
      Source file:   Device\Source\ARM\STM32F1xx_OPT.s
Build Time Elapsed:  00:00:02
</pre>
</body>
</html>
